Component: ARM Compiler 5.06 update 6 (build 750) Tool: armlink [4d35ed]

==============================================================================

Section Cross References

    system_at32f4xx.o(i.Extend_SRAM) refers to at32f4xx_flash.o(i.FLASH_Unlock) for FLASH_Unlock
    system_at32f4xx.o(i.Extend_SRAM) refers to at32f4xx_flash.o(i.FLASH_EraseUserOptionBytes) for FLASH_EraseUserOptionBytes
    system_at32f4xx.o(i.Extend_SRAM) refers to at32f4xx_flash.o(i.FLASH_ProgramUserOptionByteData) for FLASH_ProgramUserOptionByteData
    system_at32f4xx.o(i.SetSysClock) refers to system_at32f4xx.o(i.SetSysClockTo192M) for SetSysClockTo192M
    system_at32f4xx.o(i.SetSysClockTo192M) refers to at32f4xx_rcc.o(i.RCC_StepModeCmd) for RCC_StepModeCmd
    system_at32f4xx.o(i.SystemCoreClockUpdate) refers to system_at32f4xx.o(.data) for SystemCoreClock
    system_at32f4xx.o(i.SystemInit) refers to system_at32f4xx.o(i.Extend_SRAM) for Extend_SRAM
    system_at32f4xx.o(i.SystemInit) refers to system_at32f4xx.o(i.SetSysClock) for SetSysClock
    startup_at32f403avgt7.o(STACK) refers (Special) to heapauxi.o(.text) for __use_two_region_memory
    startup_at32f403avgt7.o(HEAP) refers (Special) to heapauxi.o(.text) for __use_two_region_memory
    startup_at32f403avgt7.o(RESET) refers (Special) to heapauxi.o(.text) for __use_two_region_memory
    startup_at32f403avgt7.o(RESET) refers to startup_at32f403avgt7.o(STACK) for __initial_sp
    startup_at32f403avgt7.o(RESET) refers to startup_at32f403avgt7.o(.text) for Reset_Handler
    startup_at32f403avgt7.o(RESET) refers to at32f4xx_it.o(i.NMI_Handler) for NMI_Handler
    startup_at32f403avgt7.o(RESET) refers to at32f4xx_it.o(i.HardFault_Handler) for HardFault_Handler
    startup_at32f403avgt7.o(RESET) refers to at32f4xx_it.o(i.MemManage_Handler) for MemManage_Handler
    startup_at32f403avgt7.o(RESET) refers to at32f4xx_it.o(i.BusFault_Handler) for BusFault_Handler
    startup_at32f403avgt7.o(RESET) refers to at32f4xx_it.o(i.UsageFault_Handler) for UsageFault_Handler
    startup_at32f403avgt7.o(RESET) refers to at32f4xx_it.o(i.SVC_Handler) for SVC_Handler
    startup_at32f403avgt7.o(RESET) refers to at32f4xx_it.o(i.DebugMon_Handler) for DebugMon_Handler
    startup_at32f403avgt7.o(RESET) refers to at32f4xx_it.o(i.PendSV_Handler) for PendSV_Handler
    startup_at32f403avgt7.o(RESET) refers to at32f4xx_it.o(i.SysTick_Handler) for SysTick_Handler
    startup_at32f403avgt7.o(RESET) refers to at32f4xx_it.o(i.DMA1_Channel1_IRQHandler) for DMA1_Channel1_IRQHandler
    startup_at32f403avgt7.o(RESET) refers to at32f4xx_it.o(i.TMR1_OV_TMR10_IRQHandler) for TMR1_OV_TMR10_IRQHandler
    startup_at32f403avgt7.o(RESET) refers to at32f4xx_it.o(i.TMR1_TRG_COM_TMR11_IRQHandler) for TMR1_TRG_COM_TMR11_IRQHandler
    startup_at32f403avgt7.o(RESET) refers to at32f4xx_it.o(i.TMR2_GLOBAL_IRQHandler) for TMR2_GLOBAL_IRQHandler
    startup_at32f403avgt7.o(RESET) refers to at32f4xx_it.o(i.TMR4_GLOBAL_IRQHandler) for TMR4_GLOBAL_IRQHandler
    startup_at32f403avgt7.o(RESET) refers to at32f4xx_it.o(i.USART1_IRQHandler) for USART1_IRQHandler
    startup_at32f403avgt7.o(RESET) refers to at32f4xx_it.o(i.USART2_IRQHandler) for USART2_IRQHandler
    startup_at32f403avgt7.o(RESET) refers to at32f4xx_it.o(i.USART3_IRQHandler) for USART3_IRQHandler
    startup_at32f403avgt7.o(RESET) refers to at32f4xx_it.o(i.TMR8_OV_TMR13_IRQHandler) for TMR8_OV_TMR13_IRQHandler
    startup_at32f403avgt7.o(RESET) refers to at32f4xx_it.o(i.TMR8_TRG_COM_TMR14_IRQHandler) for TMR8_TRG_COM_TMR14_IRQHandler
    startup_at32f403avgt7.o(RESET) refers to at32f4xx_it.o(i.TMR5_GLOBAL_IRQHandler) for TMR5_GLOBAL_IRQHandler
    startup_at32f403avgt7.o(RESET) refers to at32f4xx_it.o(i.UART4_IRQHandler) for UART4_IRQHandler
    startup_at32f403avgt7.o(RESET) refers to at32f4xx_it.o(i.UART5_IRQHandler) for UART5_IRQHandler
    startup_at32f403avgt7.o(RESET) refers to at32f4xx_it.o(i.TMR6_GLOBAL_IRQHandler) for TMR6_GLOBAL_IRQHandler
    startup_at32f403avgt7.o(RESET) refers to at32f4xx_it.o(i.TMR7_GLOBAL_IRQHandler) for TMR7_GLOBAL_IRQHandler
    startup_at32f403avgt7.o(RESET) refers to at32f4xx_it.o(i.USART6_IRQHandler) for USART6_IRQHandler
    startup_at32f403avgt7.o(RESET) refers to at32f4xx_it.o(i.UART7_IRQHandler) for UART7_IRQHandler
    startup_at32f403avgt7.o(RESET) refers to at32f4xx_it.o(i.UART8_IRQHandler) for UART8_IRQHandler
    startup_at32f403avgt7.o(.text) refers (Special) to heapauxi.o(.text) for __use_two_region_memory
    startup_at32f403avgt7.o(.text) refers to system_at32f4xx.o(i.SystemInit) for SystemInit
    startup_at32f403avgt7.o(.text) refers to __main.o(!!!main) for __main
    startup_at32f403avgt7.o(.text) refers to startup_at32f403avgt7.o(HEAP) for Heap_Mem
    startup_at32f403avgt7.o(.text) refers to startup_at32f403avgt7.o(STACK) for Stack_Mem
    at32f4xx_adc.o(i.ADC_Reset) refers to at32f4xx_rcc.o(i.RCC_APB2PeriphResetCmd) for RCC_APB2PeriphResetCmd
[...]
    Removing at32f4xx_wwdg.o(.rev16_text), (4 bytes).
    Removing at32f4xx_wwdg.o(.revsh_text), (4 bytes).
    Removing at32f4xx_wwdg.o(.rrx_text), (6 bytes).
    Removing at32f4xx_wwdg.o(i.WWDG_ClearFlag), (12 bytes).
    Removing at32f4xx_wwdg.o(i.WWDG_Enable), (16 bytes).
    Removing at32f4xx_wwdg.o(i.WWDG_EnableINT), (12 bytes).
    Removing at32f4xx_wwdg.o(i.WWDG_GetFlagStatus), (12 bytes).
    Removing at32f4xx_wwdg.o(i.WWDG_Reset), (22 bytes).
    Removing at32f4xx_wwdg.o(i.WWDG_SetCounter), (16 bytes).
    Removing at32f4xx_wwdg.o(i.WWDG_SetPrescaler), (24 bytes).
    Removing at32f4xx_wwdg.o(i.WWDG_SetWindowCounter), (40 bytes).
    Removing at32f4xx_xmc.o(.rev16_text), (4 bytes).
    Removing at32f4xx_xmc.o(.revsh_text), (4 bytes).
    Removing at32f4xx_xmc.o(.rrx_text), (6 bytes).
    Removing at32f4xx_xmc.o(i.XMC_ClearFlag), (64 bytes).
    Removing at32f4xx_xmc.o(i.XMC_ClearINTPendingBit), (72 bytes).
    Removing at32f4xx_xmc.o(i.XMC_ExtTimingConfig), (52 bytes).
    Removing at32f4xx_xmc.o(i.XMC_GetECC), (28 bytes).
    Removing at32f4xx_xmc.o(i.XMC_GetFlagStatus), (56 bytes).
    Removing at32f4xx_xmc.o(i.XMC_GetINTStatus), (68 bytes).
    Removing at32f4xx_xmc.o(i.XMC_INTConfig), (128 bytes).
    Removing at32f4xx_xmc.o(i.XMC_NANDCmd), (92 bytes).
    Removing at32f4xx_xmc.o(i.XMC_NANDECCCmd), (92 bytes).
    Removing at32f4xx_xmc.o(i.XMC_NANDInit), (136 bytes).
    Removing at32f4xx_xmc.o(i.XMC_NANDReset), (68 bytes).
    Removing at32f4xx_xmc.o(i.XMC_NANDStructInit), (54 bytes).
    Removing at32f4xx_xmc.o(i.XMC_NORSRAMCmd), (52 bytes).
    Removing at32f4xx_xmc.o(i.XMC_NORSRAMInit), (230 bytes).
    Removing at32f4xx_xmc.o(i.XMC_NORSRAMReset), (54 bytes).
    Removing at32f4xx_xmc.o(i.XMC_NORSRAMStructInit), (114 bytes).
    Removing at32f4xx_xmc.o(i.XMC_PCCARDCmd), (48 bytes).
    Removing at32f4xx_xmc.o(i.XMC_PCCARDInit), (132 bytes).
    Removing at32f4xx_xmc.o(i.XMC_PCCARDReset), (40 bytes).
    Removing at32f4xx_xmc.o(i.XMC_PCCARDStructInit), (60 bytes).
    Removing misc.o(.rev16_text), (4 bytes).
    Removing misc.o(.revsh_text), (4 bytes).
    Removing misc.o(.rrx_text), (6 bytes).
    Removing misc.o(i.NVIC_Init), (112 bytes).
    Removing misc.o(i.NVIC_PriorityGroupConfig), (20 bytes).
    Removing misc.o(i.NVIC_SetVectorTable), (20 bytes).
    Removing misc.o(i.NVIC_SystemLPConfig), (32 bytes).
    Removing misc.o(i.SysTick_CLKSourceConfig), (40 bytes).
    Removing at32f4xx_it.o(.rev16_text), (4 bytes).
    Removing at32f4xx_it.o(.revsh_text), (4 bytes).
    Removing at32f4xx_it.o(.rrx_text), (6 bytes).
    Removing main.o(.rev16_text), (4 bytes).
    Removing main.o(.revsh_text), (4 bytes).
    Removing main.o(.rrx_text), (6 bytes).
    Removing usermain.o(.rev16_text), (4 bytes).
    Removing usermain.o(.revsh_text), (4 bytes).
    Removing usermain.o(.rrx_text), (6 bytes).
    Removing usermain.o(i.IntervalExecute_Function), (36 bytes).
    Removing usermain.o(i.USARTHandle_Thread), (12 bytes).
    Removing usermain.o(.data), (8 bytes).
    Removing w25q128.o(.rev16_text), (4 bytes).
    Removing w25q128.o(.revsh_text), (4 bytes).
    Removing w25q128.o(.rrx_text), (6 bytes).
    Removing w25q128.o(i.SpiFlash_Erase_Sector), (56 bytes).
    Removing w25q128.o(i.SpiFlash_Init), (20 bytes).
    Removing w25q128.o(i.SpiFlash_Read), (64 bytes).
    Removing w25q128.o(i.SpiFlash_ReadID), (54 bytes).
    Removing w25q128.o(i.SpiFlash_Wait_Busy), (36 bytes).
    Removing w25q128.o(i.SpiFlash_Write), (188 bytes).
    Removing w25q128.o(i.SpiFlash_Write_Enable), (18 bytes).
    Removing w25q128.o(i.SpiFlash_Write_NoCheck), (68 bytes).
    Removing w25q128.o(i.SpiFlash_Write_Page), (82 bytes).
    Removing w25q128.o(.bss), (4096 bytes).
    Removing ds18b20.o(.rev16_text), (4 bytes).
    Removing ds18b20.o(.revsh_text), (4 bytes).
    Removing ds18b20.o(.rrx_text), (6 bytes).
    Removing ds18b20.o(i.DS18B20_1_SetInput), (36 bytes).
    Removing ds18b20.o(i.DS18B20_1_SetOutput), (36 bytes).
    Removing ds18b20.o(i.DS18B20_CalcCRC8), (54 bytes).
    Removing ds18b20.o(i.DS18B20_Init), (28 bytes).
    Removing ds18b20.o(i.DS18B20_MeasureAll), (96 bytes).
    Removing ds18b20.o(i.DS18B20_MeasureSingle), (256 bytes).
    Removing ds18b20.o(i.DS18B20_ReadBit), (62 bytes).
    Removing ds18b20.o(i.DS18B20_ReadByte), (36 bytes).
    Removing ds18b20.o(i.DS18B20_ReadROMSingle), (104 bytes).
    Removing ds18b20.o(i.DS18B20_ReadRom), (30 bytes).
    Removing ds18b20.o(i.DS18B20_Reset), (76 bytes).
    Removing ds18b20.o(i.DS18B20_SearchDevices), (80 bytes).
    Removing ds18b20.o(i.DS18B20_SearchRom), (228 bytes).
    Removing ds18b20.o(i.DS18B20_WriteBit), (82 bytes).
    Removing ds18b20.o(i.DS18B20_WriteByte), (40 bytes).
    Removing ds18b20.o(i.DS18B20_gpio_Init), (12 bytes).
    Removing ds18b20.o(i.DS18B20gpioInit), (60 bytes).
    Removing ds18b20.o(i.DSIOsetInOut), (28 bytes).
    Removing ds18b20.o(i.DSIn_read), (40 bytes).
    Removing ds18b20.o(i.DS_Delay_ms), (26 bytes).
    Removing ds18b20.o(i.DS_Delay_us), (20 bytes).
    Removing ds18b20.o(i.DSdelay_1us), (272 bytes).
    Removing ds18b20.o(i.DSout_set_HL), (40 bytes).
    Removing ds18b20.o(.bss), (396 bytes).
    Removing ds18b20.o(.data), (8 bytes).
    Removing sofspi.o(.rev16_text), (4 bytes).
    Removing sofspi.o(.revsh_text), (4 bytes).
    Removing sofspi.o(.rrx_text), (6 bytes).
    Removing sofspi.o(i.MySPI_Delay), (18 bytes).
    Removing sofspi.o(i.MySPI_R_MISO), (20 bytes).
    Removing sofspi.o(i.MySPI_ReadData), (52 bytes).
    Removing sofspi.o(i.MySPI_SendData), (54 bytes).
    Removing sofspi.o(i.MySPI_Start), (16 bytes).
    Removing sofspi.o(i.MySPI_Stop), (16 bytes).
    Removing sofspi.o(i.MySPI_SwapByte), (58 bytes).
    Removing sofspi.o(i.MySPI_W_MOSI), (32 bytes).
    Removing sofspi.o(i.MySPI_W_SCK), (32 bytes).
    Removing sensor.o(.rev16_text), (4 bytes).
    Removing sensor.o(.revsh_text), (4 bytes).
    Removing sensor.o(.rrx_text), (6 bytes).
    Removing sensor.o(i.General_Sensor_CK), (100 bytes).
    Removing sensor.o(i.sensor_scan), (184 bytes).
    Removing sensor.o(.bss), (24 bytes).
    Removing sensor.o(.data), (4 bytes).
    Removing tmrsetinit.o(.rev16_text), (4 bytes).
    Removing tmrsetinit.o(.revsh_text), (4 bytes).
    Removing tmrsetinit.o(.rrx_text), (6 bytes).
    Removing tmrsetinit.o(i.SetupTIM11), (80 bytes).
    Removing tmrsetinit.o(i.SetupTIM2), (76 bytes).
    Removing tmrsetinit.o(i.SetupTIM4), (80 bytes).
    Removing tmrsetinit.o(i.StartTim11), (44 bytes).
    Removing tmrsetinit.o(i.StartTim2), (38 bytes).
    Removing tmrsetinit.o(i.StartTim4), (44 bytes).
    Removing tmrsetinit.o(i.StopTim11), (28 bytes).
    Removing tmrsetinit.o(i.StopTim2), (24 bytes).
    Removing tmrsetinit.o(i.StopTim4), (28 bytes).
    Removing tmrsetinit.o(i.TMR11ChangeFreq), (28 bytes).
    Removing tmrsetinit.o(i.TMR11setDIVvalue), (20 bytes).
    Removing tmrsetinit.o(i.TMR2ChangeFreq), (24 bytes).
    Removing tmrsetinit.o(i.TMR2setDIVvalue), (16 bytes).
    Removing tmrsetinit.o(i.TMR4ChangeFreq), (28 bytes).
    Removing tmrsetinit.o(i.TMR4setDIVvalue), (20 bytes).
    Removing tmrsetinit.o(i.TMR_init), (16 bytes).
    Removing tmrsetinit.o(i.TMR_set_DIVvalue), (38 bytes).
    Removing tmrsetinit.o(i.TMR_set_OVERvalue), (38 bytes).
    Removing tmrsetinit.o(i.TMR_tim_start), (42 bytes).
    Removing tmrsetinit.o(i.TMR_tim_stop), (42 bytes).
    Removing slusartinit.o(.rev16_text), (4 bytes).
    Removing slusartinit.o(.revsh_text), (4 bytes).
    Removing slusartinit.o(.rrx_text), (6 bytes).
    Removing slusartinit.o(i.UART5_interrupt_Function), (348 bytes).
    Removing slusartinit.o(i.UART7_interrupt_Function), (348 bytes).
    Removing slusartinit.o(i.UART8_interrupt_Function), (348 bytes).
    Removing slusartinit.o(i.USART1_interrupt_Function), (348 bytes).
    Removing slusartinit.o(i.USART2_interrupt_Function), (352 bytes).
    Removing slusartinit.o(i.USART3_interrupt_Function), (348 bytes).
    Removing slusartinit.o(i.USART4_interrupt_Function), (348 bytes).
    Removing slusartinit.o(i.USART6_interrupt_Function), (348 bytes).
    Removing sluserusart.o(.rev16_text), (4 bytes).
    Removing sluserusart.o(.revsh_text), (4 bytes).
    Removing sluserusart.o(.rrx_text), (6 bytes).
    Removing sluserusart.o(i.USART_Rece_Polling), (164 bytes).
    Removing sluserusart.o(i.USART_Send_Polling), (196 bytes).
    Removing usendlist.o(.rev16_text), (4 bytes).
    Removing usendlist.o(.revsh_text), (4 bytes).
    Removing usendlist.o(.rrx_text), (6 bytes).
    Removing usendlist.o(i.AT_MessageLise), (198 bytes).
    Removing usendlist.o(i.SenloSum), (36 bytes).
    Removing usendlist.o(i.USART_1_listADD), (80 bytes).
    Removing usendlist.o(i.USART_1_listsend), (136 bytes).
    Removing usendlist.o(i.USART_2_listADD), (88 bytes).
    Removing usendlist.o(i.USART_2_listsend), (140 bytes).
    Removing usendlist.o(i.USART_3_listADD), (88 bytes).
    Removing usendlist.o(i.USART_3_listsend), (140 bytes).
    Removing usendlist.o(i.USART_4_listADD), (88 bytes).
    Removing usendlist.o(i.USART_4_listsend), (140 bytes).
    Removing usendlist.o(i.USART_5_listADD), (80 bytes).
    Removing usendlist.o(i.USART_5_listsend), (136 bytes).
    Removing usendlist.o(i.USART_6_listADD), (80 bytes).
    Removing usendlist.o(i.USART_6_listsend), (136 bytes).
    Removing usendlist.o(i.USART_7_listADD), (80 bytes).
    Removing usendlist.o(i.USART_7_listsend), (136 bytes).
    Removing usendlist.o(i.USART_8_listADD), (80 bytes).
    Removing usendlist.o(i.USART_8_listsend), (136 bytes).
    Removing usendlist.o(i.USART_send_list), (76 bytes).

702 unused section(s) (total 33848 bytes) removed from the image.

==============================================================================

Image Symbol Table

    Local Symbols

    Symbol Name                              Value     Ov Type        Size  Object(Section)

    ../clib/angel/boardlib.s                 0x00000000   Number         0  boardinit2.o ABSOLUTE
    ../clib/angel/boardlib.s                 0x00000000   Number         0  boardinit1.o ABSOLUTE
    ../clib/angel/boardlib.s                 0x00000000   Number         0  boardshut.o ABSOLUTE
    ../clib/angel/boardlib.s                 0x00000000   Number         0  boardinit3.o ABSOLUTE
    ../clib/angel/handlers.s                 0x00000000   Number         0  __scatter_zi.o ABSOLUTE
    ../clib/angel/kernel.s                   0x00000000   Number         0  rtexit2.o ABSOLUTE
    ../clib/angel/kernel.s                   0x00000000   Number         0  rtexit.o ABSOLUTE
    ../clib/angel/kernel.s                   0x00000000   Number         0  __rtentry.o ABSOLUTE
    ../clib/angel/kernel.s                   0x00000000   Number         0  __rtentry2.o ABSOLUTE
    ../clib/angel/kernel.s                   0x00000000   Number         0  __rtentry4.o ABSOLUTE
    ../clib/angel/rt.s                       0x00000000   Number         0  rt_raise.o ABSOLUTE
    ../clib/angel/scatter.s                  0x00000000   Number         0  __scatter.o ABSOLUTE
    ../clib/angel/startup.s                  0x00000000   Number         0  __main.o ABSOLUTE
    ../clib/angel/sys.s                      0x00000000   Number         0  indicate_semi.o ABSOLUTE
    ../clib/angel/sys.s                      0x00000000   Number         0  use_no_semi.o ABSOLUTE
    ../clib/angel/sys.s                      0x00000000   Number         0  sys_stackheap_outer.o ABSOLUTE
    ../clib/angel/sys.s                      0x00000000   Number         0  libspace.o ABSOLUTE
    ../clib/angel/sysapp.c                   0x00000000   Number         0  sys_command.o ABSOLUTE
    ../clib/angel/sysapp.c                   0x00000000   Number         0  sys_exit.o ABSOLUTE
    ../clib/angel/sysapp.c                   0x00000000   Number         0  sys_wrch.o ABSOLUTE
    ../clib/armsys.c                         0x00000000   Number         0  argv_veneer.o ABSOLUTE
    ../clib/armsys.c                         0x00000000   Number         0  argv_veneer.o ABSOLUTE
    ../clib/armsys.c                         0x00000000   Number         0  _get_argv_nomalloc.o ABSOLUTE
    ../clib/armsys.c                         0x00000000   Number         0  no_argv.o ABSOLUTE
    ../clib/heapalloc.c                      0x00000000   Number         0  hrguard.o ABSOLUTE
    ../clib/heapaux.c                        0x00000000   Number         0  heapauxi.o ABSOLUTE
    ../clib/libinit.s                        0x00000000   Number         0  libshutdown.o ABSOLUTE
    ../clib/libinit.s                        0x00000000   Number         0  libshutdown2.o ABSOLUTE
    ../clib/libinit.s                        0x00000000   Number         0  libinit.o ABSOLUTE
    ../clib/libinit.s                        0x00000000   Number         0  libinit2.o ABSOLUTE
    ../clib/memcpset.s                       0x00000000   Number         0  rt_memcpy_w.o ABSOLUTE
    ../clib/memcpset.s                       0x00000000   Number         0  rt_memcpy_v6.o ABSOLUTE
    ../clib/memcpset.s                       0x00000000   Number         0  rt_memclr_w.o ABSOLUTE
    ../clib/signal.c                         0x00000000   Number         0  defsig_rtred_inner.o ABSOLUTE
    ../clib/signal.c                         0x00000000   Number         0  defsig_fpe_inner.o ABSOLUTE
    ../clib/signal.c                         0x00000000   Number         0  defsig_abrt_inner.o ABSOLUTE
    ../clib/signal.c                         0x00000000   Number         0  defsig_pvfn_inner.o ABSOLUTE
    ../clib/signal.c                         0x00000000   Number         0  __raise.o ABSOLUTE
    ../clib/signal.c                         0x00000000   Number         0  defsig_exit.o ABSOLUTE
    ../clib/signal.c                         0x00000000   Number         0  defsig_cppl_inner.o ABSOLUTE
    ../clib/signal.c                         0x00000000   Number         0  defsig_rtmem_formal.o ABSOLUTE
    ../clib/signal.c                         0x00000000   Number         0  defsig_rtmem_outer.o ABSOLUTE
    ../clib/signal.c                         0x00000000   Number         0  defsig_segv_inner.o ABSOLUTE
    ../clib/signal.c                         0x00000000   Number         0  defsig_other.o ABSOLUTE
    ../clib/signal.c                         0x00000000   Number         0  defsig_stak_inner.o ABSOLUTE
    ../clib/signal.c                         0x00000000   Number         0  defsig_general.o ABSOLUTE
    ../clib/signal.c                         0x00000000   Number         0  defsig_rtmem_inner.o ABSOLUTE
    ../clib/signal.s                         0x00000000   Number         0  defsig.o ABSOLUTE
    ../clib/stdlib.c                         0x00000000   Number         0  exit.o ABSOLUTE
    ../fplib/fpinit.s                        0x00000000   Number         0  fpinit.o ABSOLUTE
    ..\..\MYLibrary\AT32F4_Libraries\AT32F4xx_StdPeriph_Driver\src\at32f4xx_acc.c 0x00000000   Number         0  at32f4xx_acc.o ABSOLUTE
    ..\..\MYLibrary\AT32F4_Libraries\AT32F4xx_StdPeriph_Driver\src\at32f4xx_adc.c 0x00000000   Number         0  at32f4xx_adc.o ABSOLUTE
    ..\..\MYLibrary\AT32F4_Libraries\AT32F4xx_StdPeriph_Driver\src\at32f4xx_bkp.c 0x00000000   Number         0  at32f4xx_bkp.o ABSOLUTE
    ..\..\MYLibrary\AT32F4_Libraries\AT32F4xx_StdPeriph_Driver\src\at32f4xx_can.c 0x00000000   Number         0  at32f4xx_can.o ABSOLUTE
    ..\..\MYLibrary\AT32F4_Libraries\AT32F4xx_StdPeriph_Driver\src\at32f4xx_comp.c 0x00000000   Number         0  at32f4xx_comp.o ABSOLUTE
    ..\..\MYLibrary\AT32F4_Libraries\AT32F4xx_StdPeriph_Driver\src\at32f4xx_crc.c 0x00000000   Number         0  at32f4xx_crc.o ABSOLUTE
    ..\..\MYLibrary\AT32F4_Libraries\AT32F4xx_StdPeriph_Driver\src\at32f4xx_dac.c 0x00000000   Number         0  at32f4xx_dac.o ABSOLUTE
    ..\..\MYLibrary\AT32F4_Libraries\AT32F4xx_StdPeriph_Driver\src\at32f4xx_dbgmcu.c 0x00000000   Number         0  at32f4xx_dbgmcu.o ABSOLUTE
    ..\..\MYLibrary\AT32F4_Libraries\AT32F4xx_StdPeriph_Driver\src\at32f4xx_dma.c 0x00000000   Number         0  at32f4xx_dma.o ABSOLUTE
    ..\..\MYLibrary\AT32F4_Libraries\AT32F4xx_StdPeriph_Driver\src\at32f4xx_ertc.c 0x00000000   Number         0  at32f4xx_ertc.o ABSOLUTE
    ..\..\MYLibrary\AT32F4_Libraries\AT32F4xx_StdPeriph_Driver\src\at32f4xx_eth.c 0x00000000   Number         0  at32f4xx_eth.o ABSOLUTE
    ..\..\MYLibrary\AT32F4_Libraries\AT32F4xx_StdPeriph_Driver\src\at32f4xx_exti.c 0x00000000   Number         0  at32f4xx_exti.o ABSOLUTE
    ..\..\MYLibrary\AT32F4_Libraries\AT32F4xx_StdPeriph_Driver\src\at32f4xx_flash.c 0x00000000   Number         0  at32f4xx_flash.o ABSOLUTE
    ..\..\MYLibrary\AT32F4_Libraries\AT32F4xx_StdPeriph_Driver\src\at32f4xx_gpio.c 0x00000000   Number         0  at32f4xx_gpio.o ABSOLUTE
    ..\..\MYLibrary\AT32F4_Libraries\AT32F4xx_StdPeriph_Driver\src\at32f4xx_gpio_ex.c 0x00000000   Number         0  at32f4xx_gpio_ex.o ABSOLUTE
    ..\..\MYLibrary\AT32F4_Libraries\AT32F4xx_StdPeriph_Driver\src\at32f4xx_i2c.c 0x00000000   Number         0  at32f4xx_i2c.o ABSOLUTE
    ..\..\MYLibrary\AT32F4_Libraries\AT32F4xx_StdPeriph_Driver\src\at32f4xx_iwdg.c 0x00000000   Number         0  at32f4xx_iwdg.o ABSOLUTE
    ..\..\MYLibrary\AT32F4_Libraries\AT32F4xx_StdPeriph_Driver\src\at32f4xx_pwr.c 0x00000000   Number         0  at32f4xx_pwr.o ABSOLUTE
    ..\..\MYLibrary\AT32F4_Libraries\AT32F4xx_StdPeriph_Driver\src\at32f4xx_rcc.c 0x00000000   Number         0  at32f4xx_rcc.o ABSOLUTE
    ..\..\MYLibrary\AT32F4_Libraries\AT32F4xx_StdPeriph_Driver\src\at32f4xx_rtc.c 0x00000000   Number         0  at32f4xx_rtc.o ABSOLUTE
    ..\..\MYLibrary\AT32F4_Libraries\AT32F4xx_StdPeriph_Driver\src\at32f4xx_sdio.c 0x00000000   Number         0  at32f4xx_sdio.o ABSOLUTE
    ..\..\MYLibrary\AT32F4_Libraries\AT32F4xx_StdPeriph_Driver\src\at32f4xx_spi.c 0x00000000   Number         0  at32f4xx_spi.o ABSOLUTE
    ..\..\MYLibrary\AT32F4_Libraries\AT32F4xx_StdPeriph_Driver\src\at32f4xx_syscfg.c 0x00000000   Number         0  at32f4xx_syscfg.o ABSOLUTE
    ..\..\MYLibrary\AT32F4_Libraries\AT32F4xx_StdPeriph_Driver\src\at32f4xx_tim.c 0x00000000   Number         0  at32f4xx_tim.o ABSOLUTE
    ..\..\MYLibrary\AT32F4_Libraries\AT32F4xx_StdPeriph_Driver\src\at32f4xx_usart.c 0x00000000   Number         0  at32f4xx_usart.o ABSOLUTE
    ..\..\MYLibrary\AT32F4_Libraries\AT32F4xx_StdPeriph_Driver\src\at32f4xx_wwdg.c 0x00000000   Number         0  at32f4xx_wwdg.o ABSOLUTE
    ..\..\MYLibrary\AT32F4_Libraries\AT32F4xx_StdPeriph_Driver\src\at32f4xx_xmc.c 0x00000000   Number         0  at32f4xx_xmc.o ABSOLUTE
    ..\..\MYLibrary\AT32F4_Libraries\AT32F4xx_StdPeriph_Driver\src\misc.c 0x00000000   Number         0  misc.o ABSOLUTE
    ..\..\MYLibrary\AT32F4_Libraries\CMSIS\CM4\DeviceSupport\startup\mdk\startup_at32f403avgt7.s 0x00000000   Number         0  startup_at32f403avgt7.o ABSOLUTE
    ..\..\MYLibrary\AT32F4_Libraries\CMSIS\CM4\DeviceSupport\system_at32f4xx.c 0x00000000   Number         0  system_at32f4xx.o ABSOLUTE
    ..\..\MYLibrary\SCR\DS18B20.c            0x00000000   Number         0  ds18b20.o ABSOLUTE
    ..\..\MYLibrary\SCR\Sensor.c             0x00000000   Number         0  sensor.o ABSOLUTE
    ..\..\MYLibrary\SCR\SofSPI.c             0x00000000   Number         0  sofspi.o ABSOLUTE
    ..\..\MYLibrary\SCR\TMRsetinit.c         0x00000000   Number         0  tmrsetinit.o ABSOLUTE
    ..\..\MYLibrary\SCR\W25Q128.c            0x00000000   Number         0  w25q128.o ABSOLUTE
    ..\..\MYLibrary\Usartinit\SLusartinit.c  0x00000000   Number         0  slusartinit.o ABSOLUTE
    ..\..\MYLibrary\Usartinit\SLuserUSART.c  0x00000000   Number         0  sluserusart.o ABSOLUTE
    ..\..\MYLibrary\Usartinit\USendList.c    0x00000000   Number         0  usendlist.o ABSOLUTE
    ..\\..\\MYLibrary\\AT32F4_Libraries\\AT32F4xx_StdPeriph_Driver\\src\\at32f4xx_acc.c 0x00000000   Number         0  at32f4xx_acc.o ABSOLUTE
    ..\\..\\MYLibrary\\AT32F4_Libraries\\AT32F4xx_StdPeriph_Driver\\src\\at32f4xx_adc.c 0x00000000   Number         0  at32f4xx_adc.o ABSOLUTE
    ..\\..\\MYLibrary\\AT32F4_Libraries\\AT32F4xx_StdPeriph_Driver\\src\\at32f4xx_bkp.c 0x00000000   Number         0  at32f4xx_bkp.o ABSOLUTE
    ..\\..\\MYLibrary\\AT32F4_Libraries\\AT32F4xx_StdPeriph_Driver\\src\\at32f4xx_can.c 0x00000000   Number         0  at32f4xx_can.o ABSOLUTE
    ..\\..\\MYLibrary\\AT32F4_Libraries\\AT32F4xx_StdPeriph_Driver\\src\\at32f4xx_comp.c 0x00000000   Number         0  at32f4xx_comp.o ABSOLUTE
    ..\\..\\MYLibrary\\AT32F4_Libraries\\AT32F4xx_StdPeriph_Driver\\src\\at32f4xx_crc.c 0x00000000   Number         0  at32f4xx_crc.o ABSOLUTE
    ..\\..\\MYLibrary\\AT32F4_Libraries\\AT32F4xx_StdPeriph_Driver\\src\\at32f4xx_dac.c 0x00000000   Number         0  at32f4xx_dac.o ABSOLUTE
    ..\\..\\MYLibrary\\AT32F4_Libraries\\AT32F4xx_StdPeriph_Driver\\src\\at32f4xx_dbgmcu.c 0x00000000   Number         0  at32f4xx_dbgmcu.o ABSOLUTE
    ..\\..\\MYLibrary\\AT32F4_Libraries\\AT32F4xx_StdPeriph_Driver\\src\\at32f4xx_dma.c 0x00000000   Number         0  at32f4xx_dma.o ABSOLUTE
    ..\\..\\MYLibrary\\AT32F4_Libraries\\AT32F4xx_StdPeriph_Driver\\src\\at32f4xx_ertc.c 0x00000000   Number         0  at32f4xx_ertc.o ABSOLUTE
    ..\\..\\MYLibrary\\AT32F4_Libraries\\AT32F4xx_StdPeriph_Driver\\src\\at32f4xx_eth.c 0x00000000   Number         0  at32f4xx_eth.o ABSOLUTE
    ..\\..\\MYLibrary\\AT32F4_Libraries\\AT32F4xx_StdPeriph_Driver\\src\\at32f4xx_exti.c 0x00000000   Number         0  at32f4xx_exti.o ABSOLUTE
    ..\\..\\MYLibrary\\AT32F4_Libraries\\AT32F4xx_StdPeriph_Driver\\src\\at32f4xx_flash.c 0x00000000   Number         0  at32f4xx_flash.o ABSOLUTE
    ..\\..\\MYLibrary\\AT32F4_Libraries\\AT32F4xx_StdPeriph_Driver\\src\\at32f4xx_gpio.c 0x00000000   Number         0  at32f4xx_gpio.o ABSOLUTE
    ..\\..\\MYLibrary\\AT32F4_Libraries\\AT32F4xx_StdPeriph_Driver\\src\\at32f4xx_gpio_ex.c 0x00000000   Number         0  at32f4xx_gpio_ex.o ABSOLUTE
    ..\\..\\MYLibrary\\AT32F4_Libraries\\AT32F4xx_StdPeriph_Driver\\src\\at32f4xx_i2c.c 0x00000000   Number         0  at32f4xx_i2c.o ABSOLUTE
    ..\\..\\MYLibrary\\AT32F4_Libraries\\AT32F4xx_StdPeriph_Driver\\src\\at32f4xx_iwdg.c 0x00000000   Number         0  at32f4xx_iwdg.o ABSOLUTE
    ..\\..\\MYLibrary\\AT32F4_Libraries\\AT32F4xx_StdPeriph_Driver\\src\\at32f4xx_pwr.c 0x00000000   Number         0  at32f4xx_pwr.o ABSOLUTE
    ..\\..\\MYLibrary\\AT32F4_Libraries\\AT32F4xx_StdPeriph_Driver\\src\\at32f4xx_rcc.c 0x00000000   Number         0  at32f4xx_rcc.o ABSOLUTE
    ..\\..\\MYLibrary\\AT32F4_Libraries\\AT32F4xx_StdPeriph_Driver\\src\\at32f4xx_rtc.c 0x00000000   Number         0  at32f4xx_rtc.o ABSOLUTE
    ..\\..\\MYLibrary\\AT32F4_Libraries\\AT32F4xx_StdPeriph_Driver\\src\\at32f4xx_sdio.c 0x00000000   Number         0  at32f4xx_sdio.o ABSOLUTE
    ..\\..\\MYLibrary\\AT32F4_Libraries\\AT32F4xx_StdPeriph_Driver\\src\\at32f4xx_spi.c 0x00000000   Number         0  at32f4xx_spi.o ABSOLUTE
    ..\\..\\MYLibrary\\AT32F4_Libraries\\AT32F4xx_StdPeriph_Driver\\src\\at32f4xx_syscfg.c 0x00000000   Number         0  at32f4xx_syscfg.o ABSOLUTE
    ..\\..\\MYLibrary\\AT32F4_Libraries\\AT32F4xx_StdPeriph_Driver\\src\\at32f4xx_tim.c 0x00000000   Number         0  at32f4xx_tim.o ABSOLUTE
    ..\\..\\MYLibrary\\AT32F4_Libraries\\AT32F4xx_StdPeriph_Driver\\src\\at32f4xx_usart.c 0x00000000   Number         0  at32f4xx_usart.o ABSOLUTE
    ..\\..\\MYLibrary\\AT32F4_Libraries\\AT32F4xx_StdPeriph_Driver\\src\\at32f4xx_wwdg.c 0x00000000   Number         0  at32f4xx_wwdg.o ABSOLUTE
    ..\\..\\MYLibrary\\AT32F4_Libraries\\AT32F4xx_StdPeriph_Driver\\src\\at32f4xx_xmc.c 0x00000000   Number         0  at32f4xx_xmc.o ABSOLUTE
    ..\\..\\MYLibrary\\AT32F4_Libraries\\AT32F4xx_StdPeriph_Driver\\src\\misc.c 0x00000000   Number         0  misc.o ABSOLUTE
    ..\\..\\MYLibrary\\AT32F4_Libraries\\CMSIS\\CM4\\DeviceSupport\\system_at32f4xx.c 0x00000000   Number         0  system_at32f4xx.o ABSOLUTE
    ..\\..\\MYLibrary\\SCR\\DS18B20.c        0x00000000   Number         0  ds18b20.o ABSOLUTE
    ..\\..\\MYLibrary\\SCR\\Sensor.c         0x00000000   Number         0  sensor.o ABSOLUTE
    ..\\..\\MYLibrary\\SCR\\SofSPI.c         0x00000000   Number         0  sofspi.o ABSOLUTE
    ..\\..\\MYLibrary\\SCR\\TMRsetinit.c     0x00000000   Number         0  tmrsetinit.o ABSOLUTE
    ..\\..\\MYLibrary\\SCR\\W25Q128.c        0x00000000   Number         0  w25q128.o ABSOLUTE
    ..\\..\\MYLibrary\\Usartinit\\SLusartinit.c 0x00000000   Number         0  slusartinit.o ABSOLUTE
    ..\\..\\MYLibrary\\Usartinit\\SLuserUSART.c 0x00000000   Number         0  sluserusart.o ABSOLUTE
    ..\\..\\MYLibrary\\Usartinit\\USendList.c 0x00000000   Number         0  usendlist.o ABSOLUTE
    ..\\usrc\\at32f4xx_it.c                  0x00000000   Number         0  at32f4xx_it.o ABSOLUTE
    ..\\usrc\\main.c                         0x00000000   Number         0  main.o ABSOLUTE
    ..\\usrc\\usermain.c                     0x00000000   Number         0  usermain.o ABSOLUTE
    ..\usrc\TXD_RXDcomm.c                    0x00000000   Number         0  txd_rxdcomm.o ABSOLUTE
    ..\usrc\at32f4xx_it.c                    0x00000000   Number         0  at32f4xx_it.o ABSOLUTE
    ..\usrc\main.c                           0x00000000   Number         0  main.o ABSOLUTE
    ..\usrc\usermain.c                       0x00000000   Number         0  usermain.o ABSOLUTE
    dc.s                                     0x00000000   Number         0  dc.o ABSOLUTE
    RESET                                    0x08000000   Section      380  startup_at32f403avgt7.o(RESET)
    !!!main                                  0x0800017c   Section        8  __main.o(!!!main)
    !!!scatter                               0x08000184   Section       52  __scatter.o(!!!scatter)
    !!handler_zi                             0x080001b8   Section       28  __scatter_zi.o(!!handler_zi)
    .ARM.Collect$$libinit$$00000000          0x080001d4   Section        2  libinit.o(.ARM.Collect$$libinit$$00000000)
    .ARM.Collect$$libinit$$00000001          0x080001d6   Section        4  libinit2.o(.ARM.Collect$$libinit$$00000001)
    .ARM.Collect$$libinit$$00000004          0x080001da   Section        0  libinit2.o(.ARM.Collect$$libinit$$00000004)
    .ARM.Collect$$libinit$$0000000A          0x080001da   Section        0  libinit2.o(.ARM.Collect$$libinit$$0000000A)
    .ARM.Collect$$libinit$$0000000C          0x080001da   Section        0  libinit2.o(.ARM.Collect$$libinit$$0000000C)
    .ARM.Collect$$libinit$$0000000E          0x080001da   Section        0  libinit2.o(.ARM.Collect$$libinit$$0000000E)
    .ARM.Collect$$libinit$$00000011          0x080001da   Section        0  libinit2.o(.ARM.Collect$$libinit$$00000011)
    .ARM.Collect$$libinit$$00000013          0x080001da   Section        0  libinit2.o(.ARM.Collect$$libinit$$00000013)
    .ARM.Collect$$libinit$$00000015          0x080001da   Section        0  libinit2.o(.ARM.Collect$$libinit$$00000015)
    .ARM.Collect$$libinit$$00000017          0x080001da   Section        0  libinit2.o(.ARM.Collect$$libinit$$00000017)
    .ARM.Collect$$libinit$$00000019          0x080001da   Section        0  libinit2.o(.ARM.Collect$$libinit$$00000019)
    .ARM.Collect$$libinit$$0000001B          0x080001da   Section        0  libinit2.o(.ARM.Collect$$libinit$$0000001B)
    .ARM.Collect$$libinit$$0000001D          0x080001da   Section        0  libinit2.o(.ARM.Collect$$libinit$$0000001D)
    .ARM.Collect$$libinit$$0000001F          0x080001da   Section        0  libinit2.o(.ARM.Collect$$libinit$$0000001F)
    .ARM.Collect$$libinit$$00000021          0x080001da   Section        0  libinit2.o(.ARM.Collect$$libinit$$00000021)
    .ARM.Collect$$libinit$$00000023          0x080001da   Section        0  libinit2.o(.ARM.Collect$$libinit$$00000023)
    .ARM.Collect$$libinit$$00000025          0x080001da   Section        0  libinit2.o(.ARM.Collect$$libinit$$00000025)
    .ARM.Collect$$libinit$$0000002C          0x080001da   Section        0  libinit2.o(.ARM.Collect$$libinit$$0000002C)
    .ARM.Collect$$libinit$$0000002E          0x080001da   Section        0  libinit2.o(.ARM.Collect$$libinit$$0000002E)
    .ARM.Collect$$libinit$$00000030          0x080001da   Section        0  libinit2.o(.ARM.Collect$$libinit$$00000030)
    .ARM.Collect$$libinit$$00000032          0x080001da   Section        0  libinit2.o(.ARM.Collect$$libinit$$00000032)
    .ARM.Collect$$libinit$$00000033          0x080001da   Section        2  libinit2.o(.ARM.Collect$$libinit$$00000033)
    .ARM.Collect$$libshutdown$$00000000      0x080001dc   Section        2  libshutdown.o(.ARM.Collect$$libshutdown$$00000000)
    .ARM.Collect$$libshutdown$$00000002      0x080001de   Section        0  libshutdown2.o(.ARM.Collect$$libshutdown$$00000002)
    .ARM.Collect$$libshutdown$$00000004      0x080001de   Section        0  libshutdown2.o(.ARM.Collect$$libshutdown$$00000004)
    .ARM.Collect$$libshutdown$$00000007      0x080001de   Section        0  libshutdown2.o(.ARM.Collect$$libshutdown$$00000007)
    .ARM.Collect$$libshutdown$$0000000A      0x080001de   Section        0  libshutdown2.o(.ARM.Collect$$libshutdown$$0000000A)
    .ARM.Collect$$libshutdown$$0000000C      0x080001de   Section        0  libshutdown2.o(.ARM.Collect$$libshutdown$$0000000C)
    .ARM.Collect$$libshutdown$$0000000F      0x080001de   Section        0  libshutdown2.o(.ARM.Collect$$libshutdown$$0000000F)
    .ARM.Collect$$libshutdown$$00000010      0x080001de   Section        2  libshutdown2.o(.ARM.Collect$$libshutdown$$00000010)
    .ARM.Collect$$rtentry$$00000000          0x080001e0   Section        0  __rtentry.o(.ARM.Collect$$rtentry$$00000000)
    .ARM.Collect$$rtentry$$00000002          0x080001e0   Section        0  __rtentry2.o(.ARM.Collect$$rtentry$$00000002)
    .ARM.Collect$$rtentry$$00000004          0x080001e0   Section        6  __rtentry4.o(.ARM.Collect$$rtentry$$00000004)
    .ARM.Collect$$rtentry$$00000009          0x080001e6   Section        0  __rtentry2.o(.ARM.Collect$$rtentry$$00000009)
    .ARM.Collect$$rtentry$$0000000A          0x080001e6   Section        4  __rtentry2.o(.ARM.Collect$$rtentry$$0000000A)
    .ARM.Collect$$rtentry$$0000000C          0x080001ea   Section        0  __rtentry2.o(.ARM.Collect$$rtentry$$0000000C)
    .ARM.Collect$$rtentry$$0000000D          0x080001ea   Section        8  __rtentry2.o(.ARM.Collect$$rtentry$$0000000D)
    .ARM.Collect$$rtexit$$00000000           0x080001f2   Section        2  rtexit.o(.ARM.Collect$$rtexit$$00000000)
    .ARM.Collect$$rtexit$$00000002           0x080001f4   Section        0  rtexit2.o(.ARM.Collect$$rtexit$$00000002)
    .ARM.Collect$$rtexit$$00000003           0x080001f4   Section        4  rtexit2.o(.ARM.Collect$$rtexit$$00000003)
    .ARM.Collect$$rtexit$$00000004           0x080001f8   Section        6  rtexit2.o(.ARM.Collect$$rtexit$$00000004)
    .text                                    0x08000200   Section       64  startup_at32f403avgt7.o(.text)
    $v0                                      0x08000200   Number         0  startup_at32f403avgt7.o(.text)
    .text                                    0x08000240   Section      138  rt_memcpy_v6.o(.text)
    .text                                    0x080002ca   Section      100  rt_memcpy_w.o(.text)
    .text                                    0x0800032e   Section        0  heapauxi.o(.text)
    .text                                    0x08000334   Section       74  sys_stackheap_outer.o(.text)
    .text                                    0x0800037e   Section        0  exit.o(.text)
    .text                                    0x08000390   Section        8  libspace.o(.text)
    .text                                    0x08000398   Section        0  sys_exit.o(.text)
    .text                                    0x080003a4   Section        2  use_no_semi.o(.text)
    .text                                    0x080003a6   Section        0  indicate_semi.o(.text)
    i.BusFault_Handler                       0x080003a6   Section        0  at32f4xx_it.o(i.BusFault_Handler)
    i.DMA1_Channel1_IRQHandler               0x080003aa   Section        0  at32f4xx_it.o(i.DMA1_Channel1_IRQHandler)
    i.DMA_ClearITPendingBit                  0x080003bc   Section        0  at32f4xx_dma.o(i.DMA_ClearITPendingBit)
    i.DMA_GetITStatus                        0x080003d8   Section        0  at32f4xx_dma.o(i.DMA_GetITStatus)
    i.DebugMon_Handler                       0x08000404   Section        0  at32f4xx_it.o(i.DebugMon_Handler)
    i.Extend_SRAM                            0x08000408   Section        0  system_at32f4xx.o(i.Extend_SRAM)
    i.FLASH_EraseUserOptionBytes             0x08000470   Section        0  at32f4xx_flash.o(i.FLASH_EraseUserOptionBytes)
    i.FLASH_GetBank1Status                   0x08000510   Section        0  at32f4xx_flash.o(i.FLASH_GetBank1Status)
    i.FLASH_GetReadProtectStatus             0x08000544   Section        0  at32f4xx_flash.o(i.FLASH_GetReadProtectStatus)
    i.FLASH_ProgramUserOptionByteData        0x0800055c   Section        0  at32f4xx_flash.o(i.FLASH_ProgramUserOptionByteData)
    i.FLASH_Unlock                           0x080005b4   Section        0  at32f4xx_flash.o(i.FLASH_Unlock)
    i.FLASH_WaitForProcess                   0x080005d4   Section        0  at32f4xx_flash.o(i.FLASH_WaitForProcess)
    i.GPIO_Init                              0x080005fa   Section        0  at32f4xx_gpio.o(i.GPIO_Init)
    i.GPIO_PinsRemapConfig                   0x08000710   Section        0  at32f4xx_gpio.o(i.GPIO_PinsRemapConfig)
    i.GPIO_ResetBits                         0x08000c80   Section        0  at32f4xx_gpio.o(i.GPIO_ResetBits)
    i.GPIO_SetBits                           0x08000c84   Section        0  at32f4xx_gpio.o(i.GPIO_SetBits)
    i.HardFault_Handler                      0x08000c88   Section        0  at32f4xx_it.o(i.HardFault_Handler)
    i.MemManage_Handler                      0x08000c8c   Section        0  at32f4xx_it.o(i.MemManage_Handler)
    i.MySPI_IoInit                           0x08000c90   Section        0  sofspi.o(i.MySPI_IoInit)
    i.NMI_Handler                            0x08000d28   Section        0  at32f4xx_it.o(i.NMI_Handler)
    i.PendSV_Handler                         0x08000d2a   Section        0  at32f4xx_it.o(i.PendSV_Handler)
    i.RCC_APB1PeriphClockCmd                 0x08000d2c   Section        0  at32f4xx_rcc.o(i.RCC_APB1PeriphClockCmd)
    i.RCC_APB2PeriphClockCmd                 0x08000d4c   Section        0  at32f4xx_rcc.o(i.RCC_APB2PeriphClockCmd)
    i.RCC_GetClocksFreq                      0x08000d6c   Section        0  at32f4xx_rcc.o(i.RCC_GetClocksFreq)
    i.RCC_StepModeCmd                        0x08000ec8   Section        0  at32f4xx_rcc.o(i.RCC_StepModeCmd)
    i.SVC_Handler                            0x08000eec   Section        0  at32f4xx_it.o(i.SVC_Handler)
    i.SensorGpioInit                         0x08000ef0   Section        0  sensor.o(i.SensorGpioInit)
    i.SetSysClock                            0x08000fcc   Section        0  system_at32f4xx.o(i.SetSysClock)
    SetSysClock                              0x08000fcd   Thumb Code     8  system_at32f4xx.o(i.SetSysClock)
    i.SetSysClockTo192M                      0x08000fd4   Section        0  system_at32f4xx.o(i.SetSysClockTo192M)
    SetSysClockTo192M                        0x08000fd5   Thumb Code   222  system_at32f4xx.o(i.SetSysClockTo192M)
    i.SysTick_Handler                        0x080010c0   Section        0  at32f4xx_it.o(i.SysTick_Handler)
    i.SystemInit                             0x080010c4   Section        0  system_at32f4xx.o(i.SystemInit)
    i.TMR1_OV_TMR10_IRQHandler               0x0800114c   Section        0  at32f4xx_it.o(i.TMR1_OV_TMR10_IRQHandler)
    i.TMR1_TRG_COM_TMR11_IRQHandler          0x08001170   Section        0  at32f4xx_it.o(i.TMR1_TRG_COM_TMR11_IRQHandler)
    i.TMR2_GLOBAL_IRQHandler                 0x08001194   Section        0  at32f4xx_it.o(i.TMR2_GLOBAL_IRQHandler)
    i.TMR4_GLOBAL_IRQHandler                 0x080011b4   Section        0  at32f4xx_it.o(i.TMR4_GLOBAL_IRQHandler)
    i.TMR5_GLOBAL_IRQHandler                 0x080011d8   Section        0  at32f4xx_it.o(i.TMR5_GLOBAL_IRQHandler)
    i.TMR6_GLOBAL_IRQHandler                 0x080011fc   Section        0  at32f4xx_it.o(i.TMR6_GLOBAL_IRQHandler)
    i.TMR7_GLOBAL_IRQHandler                 0x08001220   Section        0  at32f4xx_it.o(i.TMR7_GLOBAL_IRQHandler)
    i.TMR8_OV_TMR13_IRQHandler               0x08001244   Section        0  at32f4xx_it.o(i.TMR8_OV_TMR13_IRQHandler)
    i.TMR8_TRG_COM_TMR14_IRQHandler          0x08001268   Section        0  at32f4xx_it.o(i.TMR8_TRG_COM_TMR14_IRQHandler)
    i.TMR_ClearFlag                          0x0800128c   Section        0  at32f4xx_tim.o(i.TMR_ClearFlag)
    i.TMR_ClearITPendingBit                  0x08001292   Section        0  at32f4xx_tim.o(i.TMR_ClearITPendingBit)
    i.TMR_GetINTStatus                       0x08001298   Section        0  at32f4xx_tim.o(i.TMR_GetINTStatus)
    i.UART4_IRQHandler                       0x080012ba   Section        0  at32f4xx_it.o(i.UART4_IRQHandler)
    i.UART5_IRQHandler                       0x080012bc   Section        0  at32f4xx_it.o(i.UART5_IRQHandler)
    i.UART7_IRQHandler                       0x080012be   Section        0  at32f4xx_it.o(i.UART7_IRQHandler)
    i.UART8_IRQHandler                       0x080012c0   Section        0  at32f4xx_it.o(i.UART8_IRQHandler)
    i.UART_5_Datainit                        0x080012c4   Section        0  slusartinit.o(i.UART_5_Datainit)
    i.UART_5_TX_Function                     0x0800138c   Section        0  slusartinit.o(i.UART_5_TX_Function)
    i.UART_7_Datainit                        0x080013cc   Section        0  slusartinit.o(i.UART_7_Datainit)
    i.UART_7_TX_Function                     0x08001490   Section        0  slusartinit.o(i.UART_7_TX_Function)
    i.UART_8_Datainit                        0x080014d0   Section        0  slusartinit.o(i.UART_8_Datainit)
    i.UART_8_TX_Function                     0x08001590   Section        0  slusartinit.o(i.UART_8_TX_Function)
    i.USART1_IRQHandler                      0x080015d0   Section        0  at32f4xx_it.o(i.USART1_IRQHandler)
    i.USART2_IRQHandler                      0x080015d2   Section        0  at32f4xx_it.o(i.USART2_IRQHandler)
    i.USART3_IRQHandler                      0x080015d4   Section        0  at32f4xx_it.o(i.USART3_IRQHandler)
    i.USART6_IRQHandler                      0x080015d6   Section        0  at32f4xx_it.o(i.USART6_IRQHandler)
    i.USART_1_Datainit                       0x080015d8   Section        0  slusartinit.o(i.USART_1_Datainit)
    i.USART_1_TX_Function                    0x0800169c   Section        0  slusartinit.o(i.USART_1_TX_Function)
    i.USART_2_Datainit                       0x080016dc   Section        0  slusartinit.o(i.USART_2_Datainit)
    i.USART_2_TX_Function                    0x0800179c   Section        0  slusartinit.o(i.USART_2_TX_Function)
    i.USART_3_Datainit                       0x080017dc   Section        0  slusartinit.o(i.USART_3_Datainit)
    i.USART_3_TX_Function                    0x080018a0   Section        0  slusartinit.o(i.USART_3_TX_Function)
    i.USART_4_Datainit                       0x080018e0   Section        0  slusartinit.o(i.USART_4_Datainit)
    i.USART_4_TX_Function                    0x080019a4   Section        0  slusartinit.o(i.USART_4_TX_Function)
    i.USART_6_Datainit                       0x080019e4   Section        0  slusartinit.o(i.USART_6_Datainit)
    i.USART_6_TX_Function                    0x08001aa4   Section        0  slusartinit.o(i.USART_6_TX_Function)
    i.USART_Assembly_LIST_Init               0x08001ae4   Section        0  usendlist.o(i.USART_Assembly_LIST_Init)
    i.USART_ClearFlag                        0x08001bd8   Section        0  at32f4xx_usart.o(i.USART_ClearFlag)
    i.USART_ClockInit                        0x08001bea   Section        0  at32f4xx_usart.o(i.USART_ClockInit)
    i.USART_Cmd                              0x08001c0c   Section        0  at32f4xx_usart.o(i.USART_Cmd)
    i.USART_INTConfig                        0x08001c24   Section        0  at32f4xx_usart.o(i.USART_INTConfig)
    i.USART_Init                             0x08001c70   Section        0  at32f4xx_usart.o(i.USART_Init)
    i.USART_Init_Fun                         0x08001d48   Section        0  sluserusart.o(i.USART_Init_Fun)
    i.US_1_dataHandle                        0x08001df0   Section        0  usermain.o(i.US_1_dataHandle)
    i.US_2_dataHandle                        0x08001df2   Section        0  usermain.o(i.US_2_dataHandle)
    i.US_3_dataHandle                        0x08001df4   Section        0  usermain.o(i.US_3_dataHandle)
    i.US_4_dataHandle                        0x08001df6   Section        0  usermain.o(i.US_4_dataHandle)
    i.US_5_dataHandle                        0x08001df8   Section        0  usermain.o(i.US_5_dataHandle)
    i.US_6_dataHandle                        0x08001dfa   Section        0  usermain.o(i.US_6_dataHandle)
    i.US_7_dataHandle                        0x08001dfc   Section        0  usermain.o(i.US_7_dataHandle)
    i.US_8_dataHandle                        0x08001dfe   Section        0  usermain.o(i.US_8_dataHandle)
    i.UsageFault_Handler                     0x08001e00   Section        0  at32f4xx_it.o(i.UsageFault_Handler)
    i.main                                   0x08001e04   Section        0  main.o(i.main)
    x$fpl$fpinit                             0x08001e14   Section       10  fpinit.o(x$fpl$fpinit)
    $v0                                      0x08001e14   Number         0  fpinit.o(x$fpl$fpinit)
    .constdata                               0x08001e1e   Section       16  at32f4xx_rcc.o(.constdata)
    APBAHBPscTable                           0x08001e1e   Data           8  at32f4xx_rcc.o(.constdata)
    ADCPscTable                              0x08001e26   Data           8  at32f4xx_rcc.o(.constdata)
    .bss                                     0x20000000   Section     1760  slusartinit.o(.bss)
    .bss                                     0x200006e0   Section    37880  usendlist.o(.bss)
    .bss                                     0x20009ad8   Section       96  libspace.o(.bss)
    HEAP                                     0x20009b38   Section     1536  startup_at32f403avgt7.o(HEAP)
    Heap_Mem                                 0x20009b38   Data        1536  startup_at32f403avgt7.o(HEAP)
    STACK                                    0x2000a138   Section     2048  startup_at32f403avgt7.o(STACK)
    Stack_Mem                                0x2000a138   Data        2048  startup_at32f403avgt7.o(STACK)
    __initial_sp                             0x2000a938   Data           0  startup_at32f403avgt7.o(STACK)

    Global Symbols

    Symbol Name                              Value     Ov Type        Size  Object(Section)

    BuildAttributes$$THM_ISAv4$E$P$D$K$B$S$7EM$VFPi3$EXTD16$VFPS$VFMA$PE$A:L22UL41UL21$X:L11$S22US41US21$IEEE1$IW$USESV6$~STKCKD$USESV7$~SHL$OSPACE$ROPI$EBA8$UX$STANDARDLIB$REQ8$PRES8$EABIv2 0x00000000   Number         0  anon$$obj.o ABSOLUTE
    __ARM_use_no_argv                        0x00000000   Number         0  main.o ABSOLUTE
    __ARM_exceptions_init                     - Undefined Weak Reference
    __alloca_initialize                       - Undefined Weak Reference
    __arm_preinit_                            - Undefined Weak Reference
    __cpp_initialize__aeabi_                  - Undefined Weak Reference
    __cxa_finalize                            - Undefined Weak Reference
    __rt_locale                               - Undefined Weak Reference
    __sigvec_lookup                           - Undefined Weak Reference
    _atexit_init                              - Undefined Weak Reference
    _call_atexit_fns                          - Undefined Weak Reference
    _clock_init                               - Undefined Weak Reference
    _fp_trap_init                             - Undefined Weak Reference
    _fp_trap_shutdown                         - Undefined Weak Reference
    _get_lc_collate                           - Undefined Weak Reference
    _get_lc_ctype                             - Undefined Weak Reference
    _get_lc_monetary                          - Undefined Weak Reference
    _get_lc_numeric                           - Undefined Weak Reference
    _get_lc_time                              - Undefined Weak Reference
    _getenv_init                              - Undefined Weak Reference
    _handle_redirection                       - Undefined Weak Reference
    _init_alloc                               - Undefined Weak Reference
    _init_user_alloc                          - Undefined Weak Reference
    _initio                                   - Undefined Weak Reference
    _rand_init                                - Undefined Weak Reference
    _signal_finish                            - Undefined Weak Reference
    _signal_init                              - Undefined Weak Reference
    _terminate_alloc                          - Undefined Weak Reference
    _terminate_user_alloc                     - Undefined Weak Reference
    _terminateio                              - Undefined Weak Reference
    __Vectors_Size                           0x0000017c   Number         0  startup_at32f403avgt7.o ABSOLUTE
    __Vectors                                0x08000000   Data           4  startup_at32f403avgt7.o(RESET)
    __Vectors_End                            0x0800017c   Data           0  startup_at32f403avgt7.o(RESET)
    __main                                   0x0800017d   Thumb Code     8  __main.o(!!!main)
    __scatterload                            0x08000185   Thumb Code     0  __scatter.o(!!!scatter)
    __scatterload_rt2                        0x08000185   Thumb Code    44  __scatter.o(!!!scatter)
    __scatterload_rt2_thumb_only             0x08000185   Thumb Code     0  __scatter.o(!!!scatter)
    __scatterload_null                       0x08000193   Thumb Code     0  __scatter.o(!!!scatter)
    __scatterload_zeroinit                   0x080001b9   Thumb Code    28  __scatter_zi.o(!!handler_zi)
    __rt_lib_init                            0x080001d5   Thumb Code     0  libinit.o(.ARM.Collect$$libinit$$00000000)
    __rt_lib_init_fp_1                       0x080001d7   Thumb Code     0  libinit2.o(.ARM.Collect$$libinit$$00000001)
    __rt_lib_init_alloca_1                   0x080001db   Thumb Code     0  libinit2.o(.ARM.Collect$$libinit$$0000002E)
    __rt_lib_init_argv_1                     0x080001db   Thumb Code     0  libinit2.o(.ARM.Collect$$libinit$$0000002C)
    __rt_lib_init_atexit_1                   0x080001db   Thumb Code     0  libinit2.o(.ARM.Collect$$libinit$$0000001B)
    __rt_lib_init_clock_1                    0x080001db   Thumb Code     0  libinit2.o(.ARM.Collect$$libinit$$00000021)
    __rt_lib_init_cpp_1                      0x080001db   Thumb Code     0  libinit2.o(.ARM.Collect$$libinit$$00000032)
    __rt_lib_init_exceptions_1               0x080001db   Thumb Code     0  libinit2.o(.ARM.Collect$$libinit$$00000030)
    __rt_lib_init_fp_trap_1                  0x080001db   Thumb Code     0  libinit2.o(.ARM.Collect$$libinit$$0000001F)
    __rt_lib_init_getenv_1                   0x080001db   Thumb Code     0  libinit2.o(.ARM.Collect$$libinit$$00000023)
    __rt_lib_init_heap_1                     0x080001db   Thumb Code     0  libinit2.o(.ARM.Collect$$libinit$$0000000A)
    __rt_lib_init_lc_collate_1               0x080001db   Thumb Code     0  libinit2.o(.ARM.Collect$$libinit$$00000011)
    __rt_lib_init_lc_ctype_1                 0x080001db   Thumb Code     0  libinit2.o(.ARM.Collect$$libinit$$00000013)
    __rt_lib_init_lc_monetary_1              0x080001db   Thumb Code     0  libinit2.o(.ARM.Collect$$libinit$$00000015)
    __rt_lib_init_lc_numeric_1               0x080001db   Thumb Code     0  libinit2.o(.ARM.Collect$$libinit$$00000017)
    __rt_lib_init_lc_time_1                  0x080001db   Thumb Code     0  libinit2.o(.ARM.Collect$$libinit$$00000019)
    __rt_lib_init_preinit_1                  0x080001db   Thumb Code     0  libinit2.o(.ARM.Collect$$libinit$$00000004)
    __rt_lib_init_rand_1                     0x080001db   Thumb Code     0  libinit2.o(.ARM.Collect$$libinit$$0000000E)
    __rt_lib_init_return                     0x080001db   Thumb Code     0  libinit2.o(.ARM.Collect$$libinit$$00000033)
    __rt_lib_init_signal_1                   0x080001db   Thumb Code     0  libinit2.o(.ARM.Collect$$libinit$$0000001D)
    __rt_lib_init_stdio_1                    0x080001db   Thumb Code     0  libinit2.o(.ARM.Collect$$libinit$$00000025)
    __rt_lib_init_user_alloc_1               0x080001db   Thumb Code     0  libinit2.o(.ARM.Collect$$libinit$$0000000C)
    __rt_lib_shutdown                        0x080001dd   Thumb Code     0  libshutdown.o(.ARM.Collect$$libshutdown$$00000000)
    __rt_lib_shutdown_cpp_1                  0x080001df   Thumb Code     0  libshutdown2.o(.ARM.Collect$$libshutdown$$00000002)
    __rt_lib_shutdown_fp_trap_1              0x080001df   Thumb Code     0  libshutdown2.o(.ARM.Collect$$libshutdown$$00000007)
    __rt_lib_shutdown_heap_1                 0x080001df   Thumb Code     0  libshutdown2.o(.ARM.Collect$$libshutdown$$0000000F)
    __rt_lib_shutdown_return                 0x080001df   Thumb Code     0  libshutdown2.o(.ARM.Collect$$libshutdown$$00000010)
    __rt_lib_shutdown_signal_1               0x080001df   Thumb Code     0  libshutdown2.o(.ARM.Collect$$libshutdown$$0000000A)
    __rt_lib_shutdown_stdio_1                0x080001df   Thumb Code     0  libshutdown2.o(.ARM.Collect$$libshutdown$$00000004)
    __rt_lib_shutdown_user_alloc_1           0x080001df   Thumb Code     0  libshutdown2.o(.ARM.Collect$$libshutdown$$0000000C)
    __rt_entry                               0x080001e1   Thumb Code     0  __rtentry.o(.ARM.Collect$$rtentry$$00000000)
    __rt_entry_presh_1                       0x080001e1   Thumb Code     0  __rtentry2.o(.ARM.Collect$$rtentry$$00000002)
    __rt_entry_sh                            0x080001e1   Thumb Code     0  __rtentry4.o(.ARM.Collect$$rtentry$$00000004)
    __rt_entry_li                            0x080001e7   Thumb Code     0  __rtentry2.o(.ARM.Collect$$rtentry$$0000000A)
    __rt_entry_postsh_1                      0x080001e7   Thumb Code     0  __rtentry2.o(.ARM.Collect$$rtentry$$00000009)
    __rt_entry_main                          0x080001eb   Thumb Code     0  __rtentry2.o(.ARM.Collect$$rtentry$$0000000D)
    __rt_entry_postli_1                      0x080001eb   Thumb Code     0  __rtentry2.o(.ARM.Collect$$rtentry$$0000000C)
    __rt_exit                                0x080001f3   Thumb Code     0  rtexit.o(.ARM.Collect$$rtexit$$00000000)
    __rt_exit_ls                             0x080001f5   Thumb Code     0  rtexit2.o(.ARM.Collect$$rtexit$$00000003)
    __rt_exit_prels_1                        0x080001f5   Thumb Code     0  rtexit2.o(.ARM.Collect$$rtexit$$00000002)
    __rt_exit_exit                           0x080001f9   Thumb Code     0  rtexit2.o(.ARM.Collect$$rtexit$$00000004)
    Reset_Handler                            0x08000201   Thumb Code     8  startup_at32f403avgt7.o(.text)
    ACC_IRQHandler                           0x0800021b   Thumb Code     0  startup_at32f403avgt7.o(.text)
    ADC1_2_IRQHandler                        0x0800021b   Thumb Code     0  startup_at32f403avgt7.o(.text)
    ADC3_IRQHandler                          0x0800021b   Thumb Code     0  startup_at32f403avgt7.o(.text)
    CAN1_RX1_IRQHandler                      0x0800021b   Thumb Code     0  startup_at32f403avgt7.o(.text)
    CAN1_SCE_IRQHandler                      0x0800021b   Thumb Code     0  startup_at32f403avgt7.o(.text)
    CAN2_RX0_IRQHandler                      0x0800021b   Thumb Code     0  startup_at32f403avgt7.o(.text)
    CAN2_RX1_IRQHandler                      0x0800021b   Thumb Code     0  startup_at32f403avgt7.o(.text)
    CAN2_SCE_IRQHandler                      0x0800021b   Thumb Code     0  startup_at32f403avgt7.o(.text)
    CAN2_TX_IRQHandler                       0x0800021b   Thumb Code     0  startup_at32f403avgt7.o(.text)
    DMA1_Channel2_IRQHandler                 0x0800021b   Thumb Code     0  startup_at32f403avgt7.o(.text)
    DMA1_Channel3_IRQHandler                 0x0800021b   Thumb Code     0  startup_at32f403avgt7.o(.text)
    DMA1_Channel4_IRQHandler                 0x0800021b   Thumb Code     0  startup_at32f403avgt7.o(.text)
    DMA1_Channel5_IRQHandler                 0x0800021b   Thumb Code     0  startup_at32f403avgt7.o(.text)
    DMA1_Channel6_IRQHandler                 0x0800021b   Thumb Code     0  startup_at32f403avgt7.o(.text)
    DMA1_Channel7_IRQHandler                 0x0800021b   Thumb Code     0  startup_at32f403avgt7.o(.text)
    DMA2_Channel1_IRQHandler                 0x0800021b   Thumb Code     0  startup_at32f403avgt7.o(.text)
    DMA2_Channel2_IRQHandler                 0x0800021b   Thumb Code     0  startup_at32f403avgt7.o(.text)
    DMA2_Channel3_IRQHandler                 0x0800021b   Thumb Code     0  startup_at32f403avgt7.o(.text)
    DMA2_Channel4_5_IRQHandler               0x0800021b   Thumb Code     0  startup_at32f403avgt7.o(.text)
    DMA2_Channel6_7_IRQHandler               0x0800021b   Thumb Code     0  startup_at32f403avgt7.o(.text)
    EXTI0_IRQHandler                         0x0800021b   Thumb Code     0  startup_at32f403avgt7.o(.text)
    EXTI15_10_IRQHandler                     0x0800021b   Thumb Code     0  startup_at32f403avgt7.o(.text)
    EXTI1_IRQHandler                         0x0800021b   Thumb Code     0  startup_at32f403avgt7.o(.text)
    EXTI2_IRQHandler                         0x0800021b   Thumb Code     0  startup_at32f403avgt7.o(.text)
    EXTI3_IRQHandler                         0x0800021b   Thumb Code     0  startup_at32f403avgt7.o(.text)
    EXTI4_IRQHandler                         0x0800021b   Thumb Code     0  startup_at32f403avgt7.o(.text)
    EXTI9_5_IRQHandler                       0x0800021b   Thumb Code     0  startup_at32f403avgt7.o(.text)
    FLASH_IRQHandler                         0x0800021b   Thumb Code     0  startup_at32f403avgt7.o(.text)
    I2C1_ER_IRQHandler                       0x0800021b   Thumb Code     0  startup_at32f403avgt7.o(.text)
    I2C1_EV_IRQHandler                       0x0800021b   Thumb Code     0  startup_at32f403avgt7.o(.text)
    I2C2_ER_IRQHandler                       0x0800021b   Thumb Code     0  startup_at32f403avgt7.o(.text)
    I2C2_EV_IRQHandler                       0x0800021b   Thumb Code     0  startup_at32f403avgt7.o(.text)
    I2C3_ER_IRQHandler                       0x0800021b   Thumb Code     0  startup_at32f403avgt7.o(.text)
    I2C3_EV_IRQHandler                       0x0800021b   Thumb Code     0  startup_at32f403avgt7.o(.text)
    PVD_IRQHandler                           0x0800021b   Thumb Code     0  startup_at32f403avgt7.o(.text)
    RCC_IRQHandler                           0x0800021b   Thumb Code     0  startup_at32f403avgt7.o(.text)
    RTCAlarm_IRQHandler                      0x0800021b   Thumb Code     0  startup_at32f403avgt7.o(.text)
    RTC_IRQHandler                           0x0800021b   Thumb Code     0  startup_at32f403avgt7.o(.text)
    SDIO1_IRQHandler                         0x0800021b   Thumb Code     0  startup_at32f403avgt7.o(.text)
    SDIO2_IRQHandler                         0x0800021b   Thumb Code     0  startup_at32f403avgt7.o(.text)
    SPI1_IRQHandler                          0x0800021b   Thumb Code     0  startup_at32f403avgt7.o(.text)
    SPI2_I2S2EXT_IRQHandler                  0x0800021b   Thumb Code     0  startup_at32f403avgt7.o(.text)
    SPI3_I2S3EXT_IRQHandler                  0x0800021b   Thumb Code     0  startup_at32f403avgt7.o(.text)
    SPI4_IRQHandler                          0x0800021b   Thumb Code     0  startup_at32f403avgt7.o(.text)
    TAMPER_IRQHandler                        0x0800021b   Thumb Code     0  startup_at32f403avgt7.o(.text)
    TMR1_BRK_TMR9_IRQHandler                 0x0800021b   Thumb Code     0  startup_at32f403avgt7.o(.text)
    TMR1_CC_IRQHandler                       0x0800021b   Thumb Code     0  startup_at32f403avgt7.o(.text)
    TMR3_GLOBAL_IRQHandler                   0x0800021b   Thumb Code     0  startup_at32f403avgt7.o(.text)
    TMR8_BRK_TMR12_IRQHandler                0x0800021b   Thumb Code     0  startup_at32f403avgt7.o(.text)
    TMR8_CC_IRQHandler                       0x0800021b   Thumb Code     0  startup_at32f403avgt7.o(.text)
    USBWakeUp_IRQHandler                     0x0800021b   Thumb Code     0  startup_at32f403avgt7.o(.text)
    USB_HP_CAN1_TX_IRQHandler                0x0800021b   Thumb Code     0  startup_at32f403avgt7.o(.text)
    USB_HP_IRQHandler                        0x0800021b   Thumb Code     0  startup_at32f403avgt7.o(.text)
    USB_LP_CAN1_RX0_IRQHandler               0x0800021b   Thumb Code     0  startup_at32f403avgt7.o(.text)
    USB_LP_IRQHandler                        0x0800021b   Thumb Code     0  startup_at32f403avgt7.o(.text)
    WWDG_IRQHandler                          0x0800021b   Thumb Code     0  startup_at32f403avgt7.o(.text)
    XMC_IRQHandler                           0x0800021b   Thumb Code     0  startup_at32f403avgt7.o(.text)
    __user_initial_stackheap                 0x0800021d   Thumb Code     0  startup_at32f403avgt7.o(.text)
    __aeabi_memcpy                           0x08000241   Thumb Code     0  rt_memcpy_v6.o(.text)
    __rt_memcpy                              0x08000241   Thumb Code   138  rt_memcpy_v6.o(.text)
    _memcpy_lastbytes                        0x080002a7   Thumb Code     0  rt_memcpy_v6.o(.text)
    __aeabi_memcpy4                          0x080002cb   Thumb Code     0  rt_memcpy_w.o(.text)
    __aeabi_memcpy8                          0x080002cb   Thumb Code     0  rt_memcpy_w.o(.text)
    __rt_memcpy_w                            0x080002cb   Thumb Code   100  rt_memcpy_w.o(.text)
    _memcpy_lastbytes_aligned                0x08000313   Thumb Code     0  rt_memcpy_w.o(.text)
    __use_two_region_memory                  0x0800032f   Thumb Code     2  heapauxi.o(.text)
    __rt_heap_escrow$2region                 0x08000331   Thumb Code     2  heapauxi.o(.text)
    __rt_heap_expand$2region                 0x08000333   Thumb Code     2  heapauxi.o(.text)
    __user_setup_stackheap                   0x08000335   Thumb Code    74  sys_stackheap_outer.o(.text)
    exit                                     0x0800037f   Thumb Code    18  exit.o(.text)
    __user_libspace                          0x08000391   Thumb Code     8  libspace.o(.text)
    __user_perproc_libspace                  0x08000391   Thumb Code     0  libspace.o(.text)
    __user_perthread_libspace                0x08000391   Thumb Code     0  libspace.o(.text)
    _sys_exit                                0x08000399   Thumb Code     8  sys_exit.o(.text)
    __I$use$semihosting                      0x080003a5   Thumb Code     0  use_no_semi.o(.text)
    __use_no_semihosting_swi                 0x080003a5   Thumb Code     2  use_no_semi.o(.text)
    BusFault_Handler                         0x080003a7   Thumb Code     4  at32f4xx_it.o(i.BusFault_Handler)
    __semihosting_library_function           0x080003a7   Thumb Code     0  indicate_semi.o(.text)
    DMA1_Channel1_IRQHandler                 0x080003ab   Thumb Code    16  at32f4xx_it.o(i.DMA1_Channel1_IRQHandler)
    DMA_ClearITPendingBit                    0x080003bd   Thumb Code    18  at32f4xx_dma.o(i.DMA_ClearITPendingBit)
    DMA_GetITStatus                          0x080003d9   Thumb Code    36  at32f4xx_dma.o(i.DMA_GetITStatus)
    DebugMon_Handler                         0x08000405   Thumb Code     2  at32f4xx_it.o(i.DebugMon_Handler)
    Extend_SRAM                              0x08000409   Thumb Code    90  system_at32f4xx.o(i.Extend_SRAM)
    FLASH_EraseUserOptionBytes               0x08000471   Thumb Code   144  at32f4xx_flash.o(i.FLASH_EraseUserOptionBytes)
    FLASH_GetBank1Status                     0x08000511   Thumb Code    48  at32f4xx_flash.o(i.FLASH_GetBank1Status)
    FLASH_GetReadProtectStatus               0x08000545   Thumb Code    20  at32f4xx_flash.o(i.FLASH_GetReadProtectStatus)
    FLASH_ProgramUserOptionByteData          0x0800055d   Thumb Code    74  at32f4xx_flash.o(i.FLASH_ProgramUserOptionByteData)
    FLASH_Unlock                             0x080005b5   Thumb Code    20  at32f4xx_flash.o(i.FLASH_Unlock)
    FLASH_WaitForProcess                     0x080005d5   Thumb Code    38  at32f4xx_flash.o(i.FLASH_WaitForProcess)
    GPIO_Init                                0x080005fb   Thumb Code   278  at32f4xx_gpio.o(i.GPIO_Init)
    GPIO_PinsRemapConfig                     0x08000711   Thumb Code  1388  at32f4xx_gpio.o(i.GPIO_PinsRemapConfig)
    GPIO_ResetBits                           0x08000c81   Thumb Code     4  at32f4xx_gpio.o(i.GPIO_ResetBits)
    GPIO_SetBits                             0x08000c85   Thumb Code     4  at32f4xx_gpio.o(i.GPIO_SetBits)
    HardFault_Handler                        0x08000c89   Thumb Code     4  at32f4xx_it.o(i.HardFault_Handler)
    MemManage_Handler                        0x08000c8d   Thumb Code     4  at32f4xx_it.o(i.MemManage_Handler)
    MySPI_IoInit                             0x08000c91   Thumb Code   148  sofspi.o(i.MySPI_IoInit)
    NMI_Handler                              0x08000d29   Thumb Code     2  at32f4xx_it.o(i.NMI_Handler)
    PendSV_Handler                           0x08000d2b   Thumb Code     2  at32f4xx_it.o(i.PendSV_Handler)
    RCC_APB1PeriphClockCmd                   0x08000d2d   Thumb Code    26  at32f4xx_rcc.o(i.RCC_APB1PeriphClockCmd)
    RCC_APB2PeriphClockCmd                   0x08000d4d   Thumb Code    26  at32f4xx_rcc.o(i.RCC_APB2PeriphClockCmd)
    RCC_GetClocksFreq                        0x08000d6d   Thumb Code   318  at32f4xx_rcc.o(i.RCC_GetClocksFreq)
    RCC_StepModeCmd                          0x08000ec9   Thumb Code    32  at32f4xx_rcc.o(i.RCC_StepModeCmd)
    SVC_Handler                              0x08000eed   Thumb Code     2  at32f4xx_it.o(i.SVC_Handler)
    SensorGpioInit                           0x08000ef1   Thumb Code   212  sensor.o(i.SensorGpioInit)
    SysTick_Handler                          0x080010c1   Thumb Code     2  at32f4xx_it.o(i.SysTick_Handler)
    SystemInit                               0x080010c5   Thumb Code   110  system_at32f4xx.o(i.SystemInit)
    TMR1_OV_TMR10_IRQHandler                 0x0800114d   Thumb Code    30  at32f4xx_it.o(i.TMR1_OV_TMR10_IRQHandler)
    TMR1_TRG_COM_TMR11_IRQHandler            0x08001171   Thumb Code    30  at32f4xx_it.o(i.TMR1_TRG_COM_TMR11_IRQHandler)
    TMR2_GLOBAL_IRQHandler                   0x08001195   Thumb Code    30  at32f4xx_it.o(i.TMR2_GLOBAL_IRQHandler)
    TMR4_GLOBAL_IRQHandler                   0x080011b5   Thumb Code    30  at32f4xx_it.o(i.TMR4_GLOBAL_IRQHandler)
    TMR5_GLOBAL_IRQHandler                   0x080011d9   Thumb Code    30  at32f4xx_it.o(i.TMR5_GLOBAL_IRQHandler)
    TMR6_GLOBAL_IRQHandler                   0x080011fd   Thumb Code    30  at32f4xx_it.o(i.TMR6_GLOBAL_IRQHandler)
    TMR7_GLOBAL_IRQHandler                   0x08001221   Thumb Code    30  at32f4xx_it.o(i.TMR7_GLOBAL_IRQHandler)
    TMR8_OV_TMR13_IRQHandler                 0x08001245   Thumb Code    30  at32f4xx_it.o(i.TMR8_OV_TMR13_IRQHandler)
    TMR8_TRG_COM_TMR14_IRQHandler            0x08001269   Thumb Code    30  at32f4xx_it.o(i.TMR8_TRG_COM_TMR14_IRQHandler)
    TMR_ClearFlag                            0x0800128d   Thumb Code     6  at32f4xx_tim.o(i.TMR_ClearFlag)
    TMR_ClearITPendingBit                    0x08001293   Thumb Code     6  at32f4xx_tim.o(i.TMR_ClearITPendingBit)
    TMR_GetINTStatus                         0x08001299   Thumb Code    34  at32f4xx_tim.o(i.TMR_GetINTStatus)
    UART4_IRQHandler                         0x080012bb   Thumb Code     2  at32f4xx_it.o(i.UART4_IRQHandler)
    UART5_IRQHandler                         0x080012bd   Thumb Code     2  at32f4xx_it.o(i.UART5_IRQHandler)
    UART7_IRQHandler                         0x080012bf   Thumb Code     2  at32f4xx_it.o(i.UART7_IRQHandler)
    UART8_IRQHandler                         0x080012c1   Thumb Code     2  at32f4xx_it.o(i.UART8_IRQHandler)
    UART_5_Datainit                          0x080012c5   Thumb Code   186  slusartinit.o(i.UART_5_Datainit)
    UART_5_TX_Function                       0x0800138d   Thumb Code    50  slusartinit.o(i.UART_5_TX_Function)
    UART_7_Datainit                          0x080013cd   Thumb Code   186  slusartinit.o(i.UART_7_Datainit)
    UART_7_TX_Function                       0x08001491   Thumb Code    50  slusartinit.o(i.UART_7_TX_Function)
    UART_8_Datainit                          0x080014d1   Thumb Code   184  slusartinit.o(i.UART_8_Datainit)
    UART_8_TX_Function                       0x08001591   Thumb Code    50  slusartinit.o(i.UART_8_TX_Function)
    USART1_IRQHandler                        0x080015d1   Thumb Code     2  at32f4xx_it.o(i.USART1_IRQHandler)
    USART2_IRQHandler                        0x080015d3   Thumb Code     2  at32f4xx_it.o(i.USART2_IRQHandler)
    USART3_IRQHandler                        0x080015d5   Thumb Code     2  at32f4xx_it.o(i.USART3_IRQHandler)
    USART6_IRQHandler                        0x080015d7   Thumb Code     2  at32f4xx_it.o(i.USART6_IRQHandler)
    USART_1_Datainit                         0x080015d9   Thumb Code   188  slusartinit.o(i.USART_1_Datainit)
    USART_1_TX_Function                      0x0800169d   Thumb Code    50  slusartinit.o(i.USART_1_TX_Function)
    USART_2_Datainit                         0x080016dd   Thumb Code   184  slusartinit.o(i.USART_2_Datainit)
    USART_2_TX_Function                      0x0800179d   Thumb Code    50  slusartinit.o(i.USART_2_TX_Function)
    USART_3_Datainit                         0x080017dd   Thumb Code   188  slusartinit.o(i.USART_3_Datainit)
    USART_3_TX_Function                      0x080018a1   Thumb Code    50  slusartinit.o(i.USART_3_TX_Function)
    USART_4_Datainit                         0x080018e1   Thumb Code   188  slusartinit.o(i.USART_4_Datainit)
    USART_4_TX_Function                      0x080019a5   Thumb Code    50  slusartinit.o(i.USART_4_TX_Function)
    USART_6_Datainit                         0x080019e5   Thumb Code   184  slusartinit.o(i.USART_6_Datainit)
    USART_6_TX_Function                      0x08001aa5   Thumb Code    50  slusartinit.o(i.USART_6_TX_Function)
    USART_Assembly_LIST_Init                 0x08001ae5   Thumb Code   178  usendlist.o(i.USART_Assembly_LIST_Init)
    USART_ClearFlag                          0x08001bd9   Thumb Code    18  at32f4xx_usart.o(i.USART_ClearFlag)
    USART_ClockInit                          0x08001beb   Thumb Code    34  at32f4xx_usart.o(i.USART_ClockInit)
    USART_Cmd                                0x08001c0d   Thumb Code    24  at32f4xx_usart.o(i.USART_Cmd)
    USART_INTConfig                          0x08001c25   Thumb Code    74  at32f4xx_usart.o(i.USART_INTConfig)
    USART_Init                               0x08001c71   Thumb Code   210  at32f4xx_usart.o(i.USART_Init)
    USART_Init_Fun                           0x08001d49   Thumb Code   104  sluserusart.o(i.USART_Init_Fun)
    US_1_dataHandle                          0x08001df1   Thumb Code     2  usermain.o(i.US_1_dataHandle)
    US_2_dataHandle                          0x08001df3   Thumb Code     2  usermain.o(i.US_2_dataHandle)
    US_3_dataHandle                          0x08001df5   Thumb Code     2  usermain.o(i.US_3_dataHandle)
    US_4_dataHandle                          0x08001df7   Thumb Code     2  usermain.o(i.US_4_dataHandle)
    US_5_dataHandle                          0x08001df9   Thumb Code     2  usermain.o(i.US_5_dataHandle)
    US_6_dataHandle                          0x08001dfb   Thumb Code     2  usermain.o(i.US_6_dataHandle)
    US_7_dataHandle                          0x08001dfd   Thumb Code     2  usermain.o(i.US_7_dataHandle)
    US_8_dataHandle                          0x08001dff   Thumb Code     2  usermain.o(i.US_8_dataHandle)
    UsageFault_Handler                       0x08001e01   Thumb Code     4  at32f4xx_it.o(i.UsageFault_Handler)
    main                                     0x08001e05   Thumb Code    16  main.o(i.main)
    _fp_init                                 0x08001e15   Thumb Code    10  fpinit.o(x$fpl$fpinit)
    __fplib_config_fpu_vfp                   0x08001e1d   Thumb Code     0  fpinit.o(x$fpl$fpinit)
    __fplib_config_pureend_doubles           0x08001e1d   Thumb Code     0  fpinit.o(x$fpl$fpinit)
    Region$$Table$$Base                      0x08001e30   Number         0  anon$$obj.o(Region$$Table)
    Region$$Table$$Limit                     0x08001e40   Number         0  anon$$obj.o(Region$$Table)
    ATUSART_1_RXbuf                          0x20000000   Data         105  slusartinit.o(.bss)
    ATUSART_1_TXbuf                          0x20000069   Data         105  slusartinit.o(.bss)
    Usart1UsbHead                            0x200000d2   Data          10  slusartinit.o(.bss)
    ATUSART_2_RXbuf                          0x200000dc   Data         105  slusartinit.o(.bss)
    ATUSART_2_TXbuf                          0x20000145   Data         105  slusartinit.o(.bss)
    Usart2UsbHead                            0x200001ae   Data          10  slusartinit.o(.bss)
    ATUSART_3_RXbuf                          0x200001b8   Data         105  slusartinit.o(.bss)
    ATUSART_3_TXbuf                          0x20000221   Data         105  slusartinit.o(.bss)
    Usart3UsbHead                            0x2000028a   Data          10  slusartinit.o(.bss)
    ATUSART_4_RXbuf                          0x20000294   Data         105  slusartinit.o(.bss)
    ATUSART_4_TXbuf                          0x200002fd   Data         105  slusartinit.o(.bss)
    Usart4UsbHead                            0x20000366   Data          10  slusartinit.o(.bss)
    ATUSART_5_RXbuf                          0x20000370   Data         105  slusartinit.o(.bss)
    ATUSART_5_TXbuf                          0x200003d9   Data         105  slusartinit.o(.bss)
    Usart5UsbHead                            0x20000442   Data          10  slusartinit.o(.bss)
    ATUSART_6_RXbuf                          0x2000044c   Data         105  slusartinit.o(.bss)
    ATUSART_6_TXbuf                          0x200004b5   Data         105  slusartinit.o(.bss)
    Usart6UsbHead                            0x2000051e   Data          10  slusartinit.o(.bss)
    ATUSART_7_RXbuf                          0x20000528   Data         105  slusartinit.o(.bss)
    ATUSART_7_TXbuf                          0x20000591   Data         105  slusartinit.o(.bss)
    Usart7UsbHead                            0x200005fa   Data          10  slusartinit.o(.bss)
    ATUSART_8_RXbuf                          0x20000604   Data         105  slusartinit.o(.bss)
    ATUSART_8_TXbuf                          0x2000066d   Data         105  slusartinit.o(.bss)
    Usart8UsbHead                            0x200006d6   Data          10  slusartinit.o(.bss)
    USART_1_LIST                             0x200006e0   Data        2110  usendlist.o(.bss)
    USART_2_LIST                             0x20000f1e   Data       10510  usendlist.o(.bss)
    USART_3_LIST                             0x2000382c   Data       10510  usendlist.o(.bss)
    USART_4_LIST                             0x2000613a   Data       10510  usendlist.o(.bss)
    USART_5_LIST                             0x20008a48   Data        1060  usendlist.o(.bss)
    USART_6_LIST                             0x20008e6c   Data        1060  usendlist.o(.bss)
    USART_7_LIST                             0x20009290   Data        1060  usendlist.o(.bss)
    USART_8_LIST                             0x200096b4   Data        1060  usendlist.o(.bss)
    __libspace_start                         0x20009ad8   Data          96  libspace.o(.bss)
    __temporary_stack_top$libspace           0x20009b38   Data           0  libspace.o(.bss)



==============================================================================

Memory Map of the image

  Image Entry point : 0x0800017d

  Load Region LR_IROM1 (Base: 0x08000000, Size: 0x00001e40, Max: 0x00100000, ABSOLUTE)

    Execution Region ER_IROM1 (Exec base: 0x08000000, Load base: 0x08000000, Size: 0x00001e40, Max: 0x00100000, ABSOLUTE)

    Exec Addr    Load Addr    Size         Type   Attr      Idx    E Section Name        Object

    0x08000000   0x08000000   0x0000017c   Data   RO          161    RESET               startup_at32f403avgt7.o
    0x0800017c   0x0800017c   0x00000008   Code   RO         4900  * !!!main             c_w.l(__main.o)
    0x08000184   0x08000184   0x00000034   Code   RO         5057    !!!scatter          c_w.l(__scatter.o)
    0x080001b8   0x080001b8   0x0000001c   Code   RO         5059    !!handler_zi        c_w.l(__scatter_zi.o)
    0x080001d4   0x080001d4   0x00000002   Code   RO         4927    .ARM.Collect$$libinit$$00000000  c_w.l(libinit.o)
    0x080001d6   0x080001d6   0x00000004   Code   RO         4933    .ARM.Collect$$libinit$$00000001  c_w.l(libinit2.o)
    0x080001da   0x080001da   0x00000000   Code   RO         4936    .ARM.Collect$$libinit$$00000004  c_w.l(libinit2.o)
    0x080001da   0x080001da   0x00000000   Code   RO         4939    .ARM.Collect$$libinit$$0000000A  c_w.l(libinit2.o)
    0x080001da   0x080001da   0x00000000   Code   RO         4941    .ARM.Collect$$libinit$$0000000C  c_w.l(libinit2.o)
    0x080001da   0x080001da   0x00000000   Code   RO         4943    .ARM.Collect$$libinit$$0000000E  c_w.l(libinit2.o)
    0x080001da   0x080001da   0x00000000   Code   RO         4946    .ARM.Collect$$libinit$$00000011  c_w.l(libinit2.o)
    0x080001da   0x080001da   0x00000000   Code   RO         4948    .ARM.Collect$$libinit$$00000013  c_w.l(libinit2.o)
    0x080001da   0x080001da   0x00000000   Code   RO         4950    .ARM.Collect$$libinit$$00000015  c_w.l(libinit2.o)
    0x080001da   0x080001da   0x00000000   Code   RO         4952    .ARM.Collect$$libinit$$00000017  c_w.l(libinit2.o)
    0x080001da   0x080001da   0x00000000   Code   RO         4954    .ARM.Collect$$libinit$$00000019  c_w.l(libinit2.o)
    0x080001da   0x080001da   0x00000000   Code   RO         4956    .ARM.Collect$$libinit$$0000001B  c_w.l(libinit2.o)
    0x080001da   0x080001da   0x00000000   Code   RO         4958    .ARM.Collect$$libinit$$0000001D  c_w.l(libinit2.o)
    0x080001da   0x080001da   0x00000000   Code   RO         4960    .ARM.Collect$$libinit$$0000001F  c_w.l(libinit2.o)
    0x080001da   0x080001da   0x00000000   Code   RO         4962    .ARM.Collect$$libinit$$00000021  c_w.l(libinit2.o)
    0x080001da   0x080001da   0x00000000   Code   RO         4964    .ARM.Collect$$libinit$$00000023  c_w.l(libinit2.o)
    0x080001da   0x080001da   0x00000000   Code   RO         4966    .ARM.Collect$$libinit$$00000025  c_w.l(libinit2.o)
    0x080001da   0x080001da   0x00000000   Code   RO         4970    .ARM.Collect$$libinit$$0000002C  c_w.l(libinit2.o)
    0x080001da   0x080001da   0x00000000   Code   RO         4972    .ARM.Collect$$libinit$$0000002E  c_w.l(libinit2.o)
    0x080001da   0x080001da   0x00000000   Code   RO         4974    .ARM.Collect$$libinit$$00000030  c_w.l(libinit2.o)
    0x080001da   0x080001da   0x00000000   Code   RO         4976    .ARM.Collect$$libinit$$00000032  c_w.l(libinit2.o)
    0x080001da   0x080001da   0x00000002   Code   RO         4977    .ARM.Collect$$libinit$$00000033  c_w.l(libinit2.o)
    0x080001dc   0x080001dc   0x00000002   Code   RO         4997    .ARM.Collect$$libshutdown$$00000000  c_w.l(libshutdown.o)
    0x080001de   0x080001de   0x00000000   Code   RO         5010    .ARM.Collect$$libshutdown$$00000002  c_w.l(libshutdown2.o)
    0x080001de   0x080001de   0x00000000   Code   RO         5012    .ARM.Collect$$libshutdown$$00000004  c_w.l(libshutdown2.o)
    0x080001de   0x080001de   0x00000000   Code   RO         5015    .ARM.Collect$$libshutdown$$00000007  c_w.l(libshutdown2.o)
    0x080001de   0x080001de   0x00000000   Code   RO         5018    .ARM.Collect$$libshutdown$$0000000A  c_w.l(libshutdown2.o)
    0x080001de   0x080001de   0x00000000   Code   RO         5020    .ARM.Collect$$libshutdown$$0000000C  c_w.l(libshutdown2.o)
    0x080001de   0x080001de   0x00000000   Code   RO         5023    .ARM.Collect$$libshutdown$$0000000F  c_w.l(libshutdown2.o)
    0x080001de   0x080001de   0x00000002   Code   RO         5024    .ARM.Collect$$libshutdown$$00000010  c_w.l(libshutdown2.o)
    0x080001e0   0x080001e0   0x00000000   Code   RO         4902    .ARM.Collect$$rtentry$$00000000  c_w.l(__rtentry.o)
    0x080001e0   0x080001e0   0x00000000   Code   RO         4904    .ARM.Collect$$rtentry$$00000002  c_w.l(__rtentry2.o)
    0x080001e0   0x080001e0   0x00000006   Code   RO         4916    .ARM.Collect$$rtentry$$00000004  c_w.l(__rtentry4.o)
    0x080001e6   0x080001e6   0x00000000   Code   RO         4906    .ARM.Collect$$rtentry$$00000009  c_w.l(__rtentry2.o)
    0x080001e6   0x080001e6   0x00000004   Code   RO         4907    .ARM.Collect$$rtentry$$0000000A  c_w.l(__rtentry2.o)
    0x080001ea   0x080001ea   0x00000000   Code   RO         4909    .ARM.Collect$$rtentry$$0000000C  c_w.l(__rtentry2.o)
    0x080001ea   0x080001ea   0x00000008   Code   RO         4910    .ARM.Collect$$rtentry$$0000000D  c_w.l(__rtentry2.o)
    0x080001f2   0x080001f2   0x00000002   Code   RO         4931    .ARM.Collect$$rtexit$$00000000  c_w.l(rtexit.o)
    0x080001f4   0x080001f4   0x00000000   Code   RO         4979    .ARM.Collect$$rtexit$$00000002  c_w.l(rtexit2.o)
    0x080001f4   0x080001f4   0x00000004   Code   RO         4980    .ARM.Collect$$rtexit$$00000003  c_w.l(rtexit2.o)
    0x080001f8   0x080001f8   0x00000006   Code   RO         4981    .ARM.Collect$$rtexit$$00000004  c_w.l(rtexit2.o)
    0x080001fe   0x080001fe   0x00000002   PAD
    0x08000200   0x08000200   0x00000040   Code   RO          162    .text               startup_at32f403avgt7.o
    0x08000240   0x08000240   0x0000008a   Code   RO         4892    .text               c_w.l(rt_memcpy_v6.o)
    0x080002ca   0x080002ca   0x00000064   Code   RO         4894    .text               c_w.l(rt_memcpy_w.o)
    0x0800032e   0x0800032e   0x00000006   Code   RO         4898    .text               c_w.l(heapauxi.o)
    0x08000334   0x08000334   0x0000004a   Code   RO         4918    .text               c_w.l(sys_stackheap_outer.o)
    0x0800037e   0x0800037e   0x00000012   Code   RO         4920    .text               c_w.l(exit.o)
    0x08000390   0x08000390   0x00000008   Code   RO         4928    .text               c_w.l(libspace.o)
    0x08000398   0x08000398   0x0000000c   Code   RO         4989    .text               c_w.l(sys_exit.o)
    0x080003a4   0x080003a4   0x00000002   Code   RO         5000    .text               c_w.l(use_no_semi.o)
    0x080003a6   0x080003a6   0x00000000   Code   RO         5002    .text               c_w.l(indicate_semi.o)
    0x080003a6   0x080003a6   0x00000004   Code   RO         3711    i.BusFault_Handler  at32f4xx_it.o
    0x080003aa   0x080003aa   0x00000010   Code   RO         3712    i.DMA1_Channel1_IRQHandler  at32f4xx_it.o
    0x080003ba   0x080003ba   0x00000002   PAD
    0x080003bc   0x080003bc   0x0000001c   Code   RO          976    i.DMA_ClearITPendingBit  at32f4xx_dma.o
    0x080003d8   0x080003d8   0x0000002c   Code   RO          981    i.DMA_GetITStatus   at32f4xx_dma.o
    0x08000404   0x08000404   0x00000002   Code   RO         3713    i.DebugMon_Handler  at32f4xx_it.o
    0x08000406   0x08000406   0x00000002   PAD
    0x08000408   0x08000408   0x00000068   Code   RO            4    i.Extend_SRAM       system_at32f4xx.o
    0x08000470   0x08000470   0x000000a0   Code   RO         1178    i.FLASH_EraseUserOptionBytes  at32f4xx_flash.o
    0x08000510   0x08000510   0x00000034   Code   RO         1179    i.FLASH_GetBank1Status  at32f4xx_flash.o
    0x08000544   0x08000544   0x00000018   Code   RO         1183    i.FLASH_GetReadProtectStatus  at32f4xx_flash.o
    0x0800055c   0x0800055c   0x00000058   Code   RO         1200    i.FLASH_ProgramUserOptionByteData  at32f4xx_flash.o
    0x080005b4   0x080005b4   0x00000020   Code   RO         1205    i.FLASH_Unlock      at32f4xx_flash.o
    0x080005d4   0x080005d4   0x00000026   Code   RO         1213    i.FLASH_WaitForProcess  at32f4xx_flash.o
    0x080005fa   0x080005fa   0x00000116   Code   RO         1462    i.GPIO_Init         at32f4xx_gpio.o
    0x08000710   0x08000710   0x00000570   Code   RO         1466    i.GPIO_PinsRemapConfig  at32f4xx_gpio.o
    0x08000c80   0x08000c80   0x00000004   Code   RO         1472    i.GPIO_ResetBits    at32f4xx_gpio.o
    0x08000c84   0x08000c84   0x00000004   Code   RO         1473    i.GPIO_SetBits      at32f4xx_gpio.o
    0x08000c88   0x08000c88   0x00000004   Code   RO         3714    i.HardFault_Handler  at32f4xx_it.o
    0x08000c8c   0x08000c8c   0x00000004   Code   RO         3715    i.MemManage_Handler  at32f4xx_it.o
    0x08000c90   0x08000c90   0x00000098   Code   RO         4287    i.MySPI_IoInit      sofspi.o
    0x08000d28   0x08000d28   0x00000002   Code   RO         3716    i.NMI_Handler       at32f4xx_it.o
    0x08000d2a   0x08000d2a   0x00000002   Code   RO         3717    i.PendSV_Handler    at32f4xx_it.o
    0x08000d2c   0x08000d2c   0x00000020   Code   RO         1973    i.RCC_APB1PeriphClockCmd  at32f4xx_rcc.o
    0x08000d4c   0x08000d4c   0x00000020   Code   RO         1976    i.RCC_APB2PeriphClockCmd  at32f4xx_rcc.o
    0x08000d6c   0x08000d6c   0x0000015c   Code   RO         1982    i.RCC_GetClocksFreq  at32f4xx_rcc.o
    0x08000ec8   0x08000ec8   0x00000024   Code   RO         2004    i.RCC_StepModeCmd   at32f4xx_rcc.o
    0x08000eec   0x08000eec   0x00000002   Code   RO         3718    i.SVC_Handler       at32f4xx_it.o
    0x08000eee   0x08000eee   0x00000002   PAD
    0x08000ef0   0x08000ef0   0x000000dc   Code   RO         4365    i.SensorGpioInit    sensor.o
    0x08000fcc   0x08000fcc   0x00000008   Code   RO            5    i.SetSysClock       system_at32f4xx.o
    0x08000fd4   0x08000fd4   0x000000ec   Code   RO            6    i.SetSysClockTo192M  system_at32f4xx.o
    0x080010c0   0x080010c0   0x00000002   Code   RO         3719    i.SysTick_Handler   at32f4xx_it.o
    0x080010c2   0x080010c2   0x00000002   PAD
    0x080010c4   0x080010c4   0x00000088   Code   RO            8    i.SystemInit        system_at32f4xx.o
    0x0800114c   0x0800114c   0x00000024   Code   RO         3720    i.TMR1_OV_TMR10_IRQHandler  at32f4xx_it.o
    0x08001170   0x08001170   0x00000024   Code   RO         3721    i.TMR1_TRG_COM_TMR11_IRQHandler  at32f4xx_it.o
    0x08001194   0x08001194   0x0000001e   Code   RO         3722    i.TMR2_GLOBAL_IRQHandler  at32f4xx_it.o
    0x080011b2   0x080011b2   0x00000002   PAD
    0x080011b4   0x080011b4   0x00000024   Code   RO         3723    i.TMR4_GLOBAL_IRQHandler  at32f4xx_it.o
    0x080011d8   0x080011d8   0x00000024   Code   RO         3724    i.TMR5_GLOBAL_IRQHandler  at32f4xx_it.o
    0x080011fc   0x080011fc   0x00000024   Code   RO         3725    i.TMR6_GLOBAL_IRQHandler  at32f4xx_it.o
    0x08001220   0x08001220   0x00000024   Code   RO         3726    i.TMR7_GLOBAL_IRQHandler  at32f4xx_it.o
    0x08001244   0x08001244   0x00000024   Code   RO         3727    i.TMR8_OV_TMR13_IRQHandler  at32f4xx_it.o
    0x08001268   0x08001268   0x00000024   Code   RO         3728    i.TMR8_TRG_COM_TMR14_IRQHandler  at32f4xx_it.o
    0x0800128c   0x0800128c   0x00000006   Code   RO         2711    i.TMR_ClearFlag     at32f4xx_tim.o
    0x08001292   0x08001292   0x00000006   Code   RO         2712    i.TMR_ClearITPendingBit  at32f4xx_tim.o
    0x08001298   0x08001298   0x00000022   Code   RO         2739    i.TMR_GetINTStatus  at32f4xx_tim.o
    0x080012ba   0x080012ba   0x00000002   Code   RO         3729    i.UART4_IRQHandler  at32f4xx_it.o
    0x080012bc   0x080012bc   0x00000002   Code   RO         3730    i.UART5_IRQHandler  at32f4xx_it.o
    0x080012be   0x080012be   0x00000002   Code   RO         3731    i.UART7_IRQHandler  at32f4xx_it.o
    0x080012c0   0x080012c0   0x00000002   Code   RO         3732    i.UART8_IRQHandler  at32f4xx_it.o
    0x080012c2   0x080012c2   0x00000002   PAD
    0x080012c4   0x080012c4   0x000000c8   Code   RO         4548    i.UART_5_Datainit   slusartinit.o
    0x0800138c   0x0800138c   0x00000040   Code   RO         4549    i.UART_5_TX_Function  slusartinit.o
    0x080013cc   0x080013cc   0x000000c4   Code   RO         4550    i.UART_7_Datainit   slusartinit.o
    0x08001490   0x08001490   0x00000040   Code   RO         4551    i.UART_7_TX_Function  slusartinit.o
    0x080014d0   0x080014d0   0x000000c0   Code   RO         4552    i.UART_8_Datainit   slusartinit.o
    0x08001590   0x08001590   0x00000040   Code   RO         4553    i.UART_8_TX_Function  slusartinit.o
    0x080015d0   0x080015d0   0x00000002   Code   RO         3733    i.USART1_IRQHandler  at32f4xx_it.o
    0x080015d2   0x080015d2   0x00000002   Code   RO         3734    i.USART2_IRQHandler  at32f4xx_it.o
    0x080015d4   0x080015d4   0x00000002   Code   RO         3735    i.USART3_IRQHandler  at32f4xx_it.o
    0x080015d6   0x080015d6   0x00000002   Code   RO         3736    i.USART6_IRQHandler  at32f4xx_it.o
    0x080015d8   0x080015d8   0x000000c4   Code   RO         4559    i.USART_1_Datainit  slusartinit.o
    0x0800169c   0x0800169c   0x00000040   Code   RO         4560    i.USART_1_TX_Function  slusartinit.o
    0x080016dc   0x080016dc   0x000000c0   Code   RO         4561    i.USART_2_Datainit  slusartinit.o
    0x0800179c   0x0800179c   0x00000040   Code   RO         4562    i.USART_2_TX_Function  slusartinit.o
    0x080017dc   0x080017dc   0x000000c4   Code   RO         4563    i.USART_3_Datainit  slusartinit.o
    0x080018a0   0x080018a0   0x00000040   Code   RO         4564    i.USART_3_TX_Function  slusartinit.o
    0x080018e0   0x080018e0   0x000000c4   Code   RO         4565    i.USART_4_Datainit  slusartinit.o
    0x080019a4   0x080019a4   0x00000040   Code   RO         4566    i.USART_4_TX_Function  slusartinit.o
    0x080019e4   0x080019e4   0x000000c0   Code   RO         4567    i.USART_6_Datainit  slusartinit.o
    0x08001aa4   0x08001aa4   0x00000040   Code   RO         4568    i.USART_6_TX_Function  slusartinit.o
    0x08001ae4   0x08001ae4   0x000000f4   Code   RO         4767    i.USART_Assembly_LIST_Init  usendlist.o
    0x08001bd8   0x08001bd8   0x00000012   Code   RO         3267    i.USART_ClearFlag   at32f4xx_usart.o
    0x08001bea   0x08001bea   0x00000022   Code   RO         3269    i.USART_ClockInit   at32f4xx_usart.o
    0x08001c0c   0x08001c0c   0x00000018   Code   RO         3271    i.USART_Cmd         at32f4xx_usart.o
    0x08001c24   0x08001c24   0x0000004a   Code   RO         3276    i.USART_INTConfig   at32f4xx_usart.o
    0x08001c6e   0x08001c6e   0x00000002   PAD
    0x08001c70   0x08001c70   0x000000d8   Code   RO         3277    i.USART_Init        at32f4xx_usart.o
    0x08001d48   0x08001d48   0x000000a8   Code   RO         4713    i.USART_Init_Fun    sluserusart.o
    0x08001df0   0x08001df0   0x00000002   Code   RO         3972    i.US_1_dataHandle   usermain.o
    0x08001df2   0x08001df2   0x00000002   Code   RO         3973    i.US_2_dataHandle   usermain.o
    0x08001df4   0x08001df4   0x00000002   Code   RO         3974    i.US_3_dataHandle   usermain.o
    0x08001df6   0x08001df6   0x00000002   Code   RO         3975    i.US_4_dataHandle   usermain.o
    0x08001df8   0x08001df8   0x00000002   Code   RO         3976    i.US_5_dataHandle   usermain.o
    0x08001dfa   0x08001dfa   0x00000002   Code   RO         3977    i.US_6_dataHandle   usermain.o
    0x08001dfc   0x08001dfc   0x00000002   Code   RO         3978    i.US_7_dataHandle   usermain.o
    0x08001dfe   0x08001dfe   0x00000002   Code   RO         3979    i.US_8_dataHandle   usermain.o
    0x08001e00   0x08001e00   0x00000004   Code   RO         3737    i.UsageFault_Handler  at32f4xx_it.o
    0x08001e04   0x08001e04   0x00000010   Code   RO         3894    i.main              main.o
    0x08001e14   0x08001e14   0x0000000a   Code   RO         4987    x$fpl$fpinit        fz_wm.l(fpinit.o)
    0x08001e1e   0x08001e1e   0x00000010   Data   RO         2008    .constdata          at32f4xx_rcc.o
    0x08001e2e   0x08001e2e   0x00000002   PAD
    0x08001e30   0x08001e30   0x00000010   Data   RO         5055    Region$$Table       anon$$obj.o


    Execution Region RW_IRAM1 (Exec base: 0x20000000, Load base: 0x08001e40, Size: 0x0000a938, Max: 0x00038000, ABSOLUTE)

    Exec Addr    Load Addr    Size         Type   Attr      Idx    E Section Name        Object

    0x20000000        -       0x000006e0   Zero   RW         4569    .bss                slusartinit.o
    0x200006e0        -       0x000093f8   Zero   RW         4769    .bss                usendlist.o
    0x20009ad8        -       0x00000060   Zero   RW         4929    .bss                c_w.l(libspace.o)
    0x20009b38        -       0x00000600   Zero   RW          160    HEAP                startup_at32f403avgt7.o
    0x2000a138        -       0x00000800   Zero   RW          159    STACK               startup_at32f403avgt7.o


==============================================================================

Image component sizes


      Code (inc. data)   RO Data    RW Data    ZI Data      Debug   Object Name

        72         18          0          0          0       1350   at32f4xx_dma.o
       394         50          0          0          0       4217   at32f4xx_flash.o
      1678         26          0          0          0       5147   at32f4xx_gpio.o
       376         48          0          0          0      12856   at32f4xx_it.o
       448         46         16          0          0       5040   at32f4xx_rcc.o
        46          0          0          0          0       2699   at32f4xx_tim.o
       366          6          0          0          0       5643   at32f4xx_usart.o
        16          0          0          0          0       2461   main.o
       220          8          0          0          0        641   sensor.o
      2072        184          0          0       1760      13072   slusartinit.o
       168         64          0          0          0        577   sluserusart.o
       152          4          0          0          0        603   sofspi.o
        64         26        380          0       3584        956   startup_at32f403avgt7.o
       484         54          0          0          0     317434   system_at32f4xx.o
       244         66          0          0      37880       2969   usendlist.o
        16          0          0          0          0       3568   usermain.o

    ----------------------------------------------------------------------
      6830        600        414          0      43224     379233   Object Totals
         0          0         16          0          0          0   (incl. Generated)
        14          0          2          0          0          0   (incl. Padding)

    ----------------------------------------------------------------------

      Code (inc. data)   RO Data    RW Data    ZI Data      Debug   Library Member Name

         8          0          0          0          0         68   __main.o
         0          0          0          0          0          0   __rtentry.o
        12          0          0          0          0          0   __rtentry2.o
         6          0          0          0          0          0   __rtentry4.o
        52          8          0          0          0          0   __scatter.o
        28          0          0          0          0          0   __scatter_zi.o
        18          0          0          0          0         80   exit.o
         6          0          0          0          0        152   heapauxi.o
         0          0          0          0          0          0   indicate_semi.o
         2          0          0          0          0          0   libinit.o
         6          0          0          0          0          0   libinit2.o
         2          0          0          0          0          0   libshutdown.o
         2          0          0          0          0          0   libshutdown2.o
         8          4          0          0         96         68   libspace.o
       138          0          0          0          0         68   rt_memcpy_v6.o
       100          0          0          0          0         80   rt_memcpy_w.o
         2          0          0          0          0          0   rtexit.o
        10          0          0          0          0          0   rtexit2.o
        12          4          0          0          0         68   sys_exit.o
        74          0          0          0          0         80   sys_stackheap_outer.o
         2          0          0          0          0         68   use_no_semi.o
        10          0          0          0          0        116   fpinit.o

    ----------------------------------------------------------------------
       500         16          0          0         96        848   Library Totals
         2          0          0          0          0          0   (incl. Padding)

    ----------------------------------------------------------------------

      Code (inc. data)   RO Data    RW Data    ZI Data      Debug   Library Name

       488         16          0          0         96        732   c_w.l
        10          0          0          0          0        116   fz_wm.l

    ----------------------------------------------------------------------
       500         16          0          0         96        848   Library Totals

    ----------------------------------------------------------------------

==============================================================================


      Code (inc. data)   RO Data    RW Data    ZI Data      Debug   

      7330        616        414          0      43320     371853   Grand Totals
      7330        616        414          0      43320     371853   ELF Image Totals
      7330        616        414          0          0          0   ROM Totals

==============================================================================

    Total RO  Size (Code + RO Data)                 7744 (   7.56kB)
    Total RW  Size (RW Data + ZI Data)             43320 (  42.30kB)
    Total ROM Size (Code + RO Data + RW Data)       7744 (   7.56kB)

==============================================================================

